Component: Arm Compiler for Embedded 6.18 Tool: armlink [5e4cc100]

==============================================================================

Section Cross References

    startup_stm32h723xx.o(STACK) refers (Special) to heapauxi.o(.text) for __use_two_region_memory
    startup_stm32h723xx.o(HEAP) refers (Special) to heapauxi.o(.text) for __use_two_region_memory
    startup_stm32h723xx.o(RESET) refers (Special) to heapauxi.o(.text) for __use_two_region_memory
    startup_stm32h723xx.o(RESET) refers to startup_stm32h723xx.o(STACK) for __initial_sp
    startup_stm32h723xx.o(RESET) refers to startup_stm32h723xx.o(.text) for Reset_Handler
    startup_stm32h723xx.o(RESET) refers to stm32h7xx_it.o(.text.NMI_Handler) for NMI_Handler
    startup_stm32h723xx.o(RESET) refers to stm32h7xx_it.o(.text.HardFault_Handler) for HardFault_Handler
    startup_stm32h723xx.o(RESET) refers to stm32h7xx_it.o(.text.MemManage_Handler) for MemManage_Handler
    startup_stm32h723xx.o(RESET) refers to stm32h7xx_it.o(.text.BusFault_Handler) for BusFault_Handler
    startup_stm32h723xx.o(RESET) refers to stm32h7xx_it.o(.text.UsageFault_Handler) for UsageFault_Handler
    startup_stm32h723xx.o(RESET) refers to stm32h7xx_it.o(.text.SVC_Handler) for SVC_Handler
    startup_stm32h723xx.o(RESET) refers to stm32h7xx_it.o(.text.DebugMon_Handler) for DebugMon_Handler
    startup_stm32h723xx.o(RESET) refers to stm32h7xx_it.o(.text.PendSV_Handler) for PendSV_Handler
    startup_stm32h723xx.o(RESET) refers to stm32h7xx_it.o(.text.SysTick_Handler) for SysTick_Handler
    startup_stm32h723xx.o(.text) refers (Special) to heapauxi.o(.text) for __use_two_region_memory
    startup_stm32h723xx.o(.text) refers to system_stm32h7xx.o(.text.SystemInit) for SystemInit
    startup_stm32h723xx.o(.text) refers to __main.o(!!!main) for __main
    startup_stm32h723xx.o(.text) refers to startup_stm32h723xx.o(HEAP) for Heap_Mem
    startup_stm32h723xx.o(.text) refers to startup_stm32h723xx.o(STACK) for Stack_Mem
    main.o(.text) refers (Special) to _printf_percent.o(.ARM.Collect$$_printf_percent$$00000000) for _printf_percent
    main.o(.text) refers (Special) to _printf_f.o(.ARM.Collect$$_printf_percent$$00000003) for _printf_f
    main.o(.text) refers (Special) to printf1.o(x$fpl$printf1) for _printf_fp_dec
    main.o(.text.main) refers (Special) to _printf_percent.o(.ARM.Collect$$_printf_percent$$00000000) for _printf_percent
    main.o(.text.main) refers (Special) to _printf_f.o(.ARM.Collect$$_printf_percent$$00000003) for _printf_f
    main.o(.text.main) refers (Special) to printf1.o(x$fpl$printf1) for _printf_fp_dec
    main.o(.text.main) refers to stm32h7xx_hal_cortex.o(.text.HAL_MPU_Disable) for HAL_MPU_Disable
    main.o(.text.main) refers to stm32h7xx_hal_cortex.o(.text.HAL_MPU_ConfigRegion) for HAL_MPU_ConfigRegion
    main.o(.text.main) refers to stm32h7xx_hal_cortex.o(.text.HAL_MPU_Enable) for HAL_MPU_Enable
    main.o(.text.main) refers to stm32h7xx_hal.o(.text.HAL_Init) for HAL_Init
    main.o(.text.main) refers to main.o(.text.SystemClock_Config) for SystemClock_Config
    main.o(.text.main) refers to rt_memclr_w.o(.text) for __aeabi_memclr4
    main.o(.text.main) refers to main.o(.bss.hadc1) for hadc1
    main.o(.text.main) refers to stm32h7xx_hal_adc.o(.text.HAL_ADC_Init) for HAL_ADC_Init
    main.o(.text.main) refers to stm32h7xx_hal_adc_ex.o(.text.HAL_ADCEx_MultiModeConfigChannel) for HAL_ADCEx_MultiModeConfigChannel
    main.o(.text.main) refers to stm32h7xx_hal_adc.o(.text.HAL_ADC_ConfigChannel) for HAL_ADC_ConfigChannel
    main.o(.text.main) refers to main.o(.bss.huart3) for huart3
    main.o(.text.main) refers to stm32h7xx_hal_uart.o(.text.HAL_UART_Init) for HAL_UART_Init
    main.o(.text.main) refers to stm32h7xx_hal_uart_ex.o(.text.HAL_UARTEx_SetTxFifoThreshold) for HAL_UARTEx_SetTxFifoThreshold
    main.o(.text.main) refers to stm32h7xx_hal_uart_ex.o(.text.HAL_UARTEx_SetRxFifoThreshold) for HAL_UARTEx_SetRxFifoThreshold
    main.o(.text.main) refers to stm32h7xx_hal_uart_ex.o(.text.HAL_UARTEx_DisableFifoMode) for HAL_UARTEx_DisableFifoMode
    main.o(.text.main) refers to stm32h7xx_hal_adc.o(.text.HAL_ADC_Start) for HAL_ADC_Start
    main.o(.text.main) refers to stm32h7xx_hal_adc.o(.text.HAL_ADC_PollForConversion) for HAL_ADC_PollForConversion
    main.o(.text.main) refers to stm32h7xx_hal_adc.o(.text.HAL_ADC_GetValue) for HAL_ADC_GetValue
    main.o(.text.main) refers to __2sprintf.o(.text) for __2sprintf
    main.o(.text.main) refers to stm32h7xx_hal_uart.o(.text.HAL_UART_Transmit) for HAL_UART_Transmit
    main.o(.text.main) refers to stm32h7xx_hal.o(.text.HAL_Delay) for HAL_Delay
    main.o(.ARM.exidx.text.main) refers (Special) to _printf_percent.o(.ARM.Collect$$_printf_percent$$00000000) for _printf_percent
    main.o(.ARM.exidx.text.main) refers (Special) to _printf_f.o(.ARM.Collect$$_printf_percent$$00000003) for _printf_f
    main.o(.ARM.exidx.text.main) refers (Special) to printf1.o(x$fpl$printf1) for _printf_fp_dec
[...]
    ../clib/armsys.c                         0x00000000   Number         0  argv_veneer.o ABSOLUTE
    ../clib/armsys.c                         0x00000000   Number         0  _get_argv_nomalloc.o ABSOLUTE
    ../clib/armsys.c                         0x00000000   Number         0  no_argv.o ABSOLUTE
    ../clib/bigflt.c                         0x00000000   Number         0  bigflt0.o ABSOLUTE
    ../clib/btod.s                           0x00000000   Number         0  btod.o ABSOLUTE
    ../clib/btod_accurate.c                  0x00000000   Number         0  btod_accurate.o ABSOLUTE
    ../clib/btod_accurate.c                  0x00000000   Number         0  btod_accurate_common.o ABSOLUTE
    ../clib/heapalloc.c                      0x00000000   Number         0  hrguard.o ABSOLUTE
    ../clib/heapaux.c                        0x00000000   Number         0  heapauxi.o ABSOLUTE
    ../clib/libinit.s                        0x00000000   Number         0  libinit.o ABSOLUTE
    ../clib/libinit.s                        0x00000000   Number         0  libinit2.o ABSOLUTE
    ../clib/libinit.s                        0x00000000   Number         0  libshutdown.o ABSOLUTE
    ../clib/libinit.s                        0x00000000   Number         0  libshutdown2.o ABSOLUTE
    ../clib/locale.s                         0x00000000   Number         0  lc_numeric_c.o ABSOLUTE
    ../clib/longlong.s                       0x00000000   Number         0  lludivv7m.o ABSOLUTE
    ../clib/longlong.s                       0x00000000   Number         0  lludiv10.o ABSOLUTE
    ../clib/longlong.s                       0x00000000   Number         0  llushr.o ABSOLUTE
    ../clib/memcpset.s                       0x00000000   Number         0  rt_memclr_w.o ABSOLUTE
    ../clib/memcpset.s                       0x00000000   Number         0  strcmpv7m_pel.o ABSOLUTE
    ../clib/misc.s                           0x00000000   Number         0  printf_stubs.o ABSOLUTE
    ../clib/printf.c                         0x00000000   Number         0  __2sprintf.o ABSOLUTE
    ../clib/printf.c                         0x00000000   Number         0  noretval__2sprintf.o ABSOLUTE
    ../clib/printf.c                         0x00000000   Number         0  __printf.o ABSOLUTE
    ../clib/printf.c                         0x00000000   Number         0  __printf_flags.o ABSOLUTE
    ../clib/printf.c                         0x00000000   Number         0  __printf_ss.o ABSOLUTE
    ../clib/printf.c                         0x00000000   Number         0  __printf_flags_ss.o ABSOLUTE
    ../clib/printf.c                         0x00000000   Number         0  __printf_wp.o ABSOLUTE
    ../clib/printf.c                         0x00000000   Number         0  __printf_flags_wp.o ABSOLUTE
    ../clib/printf.c                         0x00000000   Number         0  __printf_ss_wp.o ABSOLUTE
    ../clib/printf.c                         0x00000000   Number         0  __printf_flags_ss_wp.o ABSOLUTE
    ../clib/printf.c                         0x00000000   Number         0  _printf_fp_dec.o ABSOLUTE
    ../clib/printf.c                         0x00000000   Number         0  _printf_fp_dec_accurate.o ABSOLUTE
    ../clib/printf.c                         0x00000000   Number         0  _printf_char_common.o ABSOLUTE
    ../clib/printf.c                         0x00000000   Number         0  _sputc.o ABSOLUTE
    ../clib/printf.c                         0x00000000   Number         0  _printf_fp_infnan.o ABSOLUTE
    ../clib/printf.c                         0x00000000   Number         0  __printf_nopercent.o ABSOLUTE
    ../clib/printf_percent.s                 0x00000000   Number         0  _printf_f.o ABSOLUTE
    ../clib/printf_percent.s                 0x00000000   Number         0  _printf_percent.o ABSOLUTE
    ../clib/printf_percent.s                 0x00000000   Number         0  _printf_percent_end.o ABSOLUTE
    ../clib/signal.c                         0x00000000   Number         0  defsig_fpe_outer.o ABSOLUTE
    ../clib/signal.c                         0x00000000   Number         0  defsig_fpe_formal.o ABSOLUTE
    ../clib/signal.c                         0x00000000   Number         0  defsig_exit.o ABSOLUTE
    ../clib/signal.c                         0x00000000   Number         0  defsig_fpe_inner.o ABSOLUTE
    ../clib/signal.c                         0x00000000   Number         0  __raise.o ABSOLUTE
    ../clib/signal.c                         0x00000000   Number         0  defsig_general.o ABSOLUTE
    ../clib/signal.c                         0x00000000   Number         0  defsig_rtmem_outer.o ABSOLUTE
    ../clib/signal.c                         0x00000000   Number         0  defsig_rtmem_formal.o ABSOLUTE
    ../clib/signal.c                         0x00000000   Number         0  defsig_abrt_inner.o ABSOLUTE
    ../clib/signal.c                         0x00000000   Number         0  defsig_rtred_inner.o ABSOLUTE
    ../clib/signal.c                         0x00000000   Number         0  defsig_rtmem_inner.o ABSOLUTE
    ../clib/signal.c                         0x00000000   Number         0  defsig_stak_inner.o ABSOLUTE
    ../clib/signal.c                         0x00000000   Number         0  defsig_pvfn_inner.o ABSOLUTE
    ../clib/signal.c                         0x00000000   Number         0  defsig_cppl_inner.o ABSOLUTE
    ../clib/signal.c                         0x00000000   Number         0  defsig_segv_inner.o ABSOLUTE
    ../clib/signal.c                         0x00000000   Number         0  defsig_other.o ABSOLUTE
    ../clib/signal.s                         0x00000000   Number         0  defsig.o ABSOLUTE
    ../clib/stdlib.c                         0x00000000   Number         0  exit.o ABSOLUTE
    ../fplib/fpinit.s                        0x00000000   Number         0  fpinit.o ABSOLUTE
    ../fplib/istatus.s                       0x00000000   Number         0  istatus.o ABSOLUTE
    ../fplib/printf1.s                       0x00000000   Number         0  printf1.o ABSOLUTE
    ../fplib/usenofp.s                       0x00000000   Number         0  usenofp.o ABSOLUTE
    ../mathlib/fpclassify.c                  0x00000000   Number         0  fpclassify.o ABSOLUTE
    dc.s                                     0x00000000   Number         0  dc.o ABSOLUTE
    main.c                                   0x00000000   Number         0  main.o ABSOLUTE
    startup_stm32h723xx.s                    0x00000000   Number         0  startup_stm32h723xx.o ABSOLUTE
    stm32h7xx_hal.c                          0x00000000   Number         0  stm32h7xx_hal.o ABSOLUTE
    stm32h7xx_hal_adc.c                      0x00000000   Number         0  stm32h7xx_hal_adc.o ABSOLUTE
    stm32h7xx_hal_adc_ex.c                   0x00000000   Number         0  stm32h7xx_hal_adc_ex.o ABSOLUTE
    stm32h7xx_hal_cortex.c                   0x00000000   Number         0  stm32h7xx_hal_cortex.o ABSOLUTE
    stm32h7xx_hal_dma.c                      0x00000000   Number         0  stm32h7xx_hal_dma.o ABSOLUTE
    stm32h7xx_hal_dma_ex.c                   0x00000000   Number         0  stm32h7xx_hal_dma_ex.o ABSOLUTE
    stm32h7xx_hal_exti.c                     0x00000000   Number         0  stm32h7xx_hal_exti.o ABSOLUTE
    stm32h7xx_hal_flash.c                    0x00000000   Number         0  stm32h7xx_hal_flash.o ABSOLUTE
    stm32h7xx_hal_flash_ex.c                 0x00000000   Number         0  stm32h7xx_hal_flash_ex.o ABSOLUTE
    stm32h7xx_hal_gpio.c                     0x00000000   Number         0  stm32h7xx_hal_gpio.o ABSOLUTE
    stm32h7xx_hal_hsem.c                     0x00000000   Number         0  stm32h7xx_hal_hsem.o ABSOLUTE
    stm32h7xx_hal_i2c.c                      0x00000000   Number         0  stm32h7xx_hal_i2c.o ABSOLUTE
    stm32h7xx_hal_i2c_ex.c                   0x00000000   Number         0  stm32h7xx_hal_i2c_ex.o ABSOLUTE
    stm32h7xx_hal_mdma.c                     0x00000000   Number         0  stm32h7xx_hal_mdma.o ABSOLUTE
    stm32h7xx_hal_msp.c                      0x00000000   Number         0  stm32h7xx_hal_msp.o ABSOLUTE
    stm32h7xx_hal_pwr.c                      0x00000000   Number         0  stm32h7xx_hal_pwr.o ABSOLUTE
    stm32h7xx_hal_pwr_ex.c                   0x00000000   Number         0  stm32h7xx_hal_pwr_ex.o ABSOLUTE
    stm32h7xx_hal_rcc.c                      0x00000000   Number         0  stm32h7xx_hal_rcc.o ABSOLUTE
    stm32h7xx_hal_rcc_ex.c                   0x00000000   Number         0  stm32h7xx_hal_rcc_ex.o ABSOLUTE
    stm32h7xx_hal_tim.c                      0x00000000   Number         0  stm32h7xx_hal_tim.o ABSOLUTE
    stm32h7xx_hal_tim_ex.c                   0x00000000   Number         0  stm32h7xx_hal_tim_ex.o ABSOLUTE
    stm32h7xx_hal_uart.c                     0x00000000   Number         0  stm32h7xx_hal_uart.o ABSOLUTE
    stm32h7xx_hal_uart_ex.c                  0x00000000   Number         0  stm32h7xx_hal_uart_ex.o ABSOLUTE
    stm32h7xx_it.c                           0x00000000   Number         0  stm32h7xx_it.o ABSOLUTE
    system_stm32h7xx.c                       0x00000000   Number         0  system_stm32h7xx.o ABSOLUTE
    RESET                                    0x08000000   Section      716  startup_stm32h723xx.o(RESET)
    !!!main                                  0x080002cc   Section        8  __main.o(!!!main)
    !!!scatter                               0x080002d4   Section       52  __scatter.o(!!!scatter)
    !!handler_copy                           0x08000308   Section       26  __scatter_copy.o(!!handler_copy)
    !!handler_zi                             0x08000324   Section       28  __scatter_zi.o(!!handler_zi)
    .ARM.Collect$$_printf_percent$$00000000  0x08000340   Section        0  _printf_percent.o(.ARM.Collect$$_printf_percent$$00000000)
    .ARM.Collect$$_printf_percent$$00000003  0x08000340   Section        6  _printf_f.o(.ARM.Collect$$_printf_percent$$00000003)
    .ARM.Collect$$_printf_percent$$00000017  0x08000346   Section        4  _printf_percent_end.o(.ARM.Collect$$_printf_percent$$00000017)
    .ARM.Collect$$libinit$$00000000          0x0800034a   Section        2  libinit.o(.ARM.Collect$$libinit$$00000000)
    .ARM.Collect$$libinit$$00000001          0x0800034c   Section        4  libinit2.o(.ARM.Collect$$libinit$$00000001)
    .ARM.Collect$$libinit$$00000004          0x08000350   Section        0  libinit2.o(.ARM.Collect$$libinit$$00000004)
    .ARM.Collect$$libinit$$00000006          0x08000350   Section        0  libinit2.o(.ARM.Collect$$libinit$$00000006)
    .ARM.Collect$$libinit$$0000000C          0x08000350   Section        0  libinit2.o(.ARM.Collect$$libinit$$0000000C)
    .ARM.Collect$$libinit$$0000000E          0x08000350   Section        0  libinit2.o(.ARM.Collect$$libinit$$0000000E)
    .ARM.Collect$$libinit$$00000010          0x08000350   Section        0  libinit2.o(.ARM.Collect$$libinit$$00000010)
    .ARM.Collect$$libinit$$00000011          0x08000350   Section        6  libinit2.o(.ARM.Collect$$libinit$$00000011)
    .ARM.Collect$$libinit$$00000013          0x08000356   Section        0  libinit2.o(.ARM.Collect$$libinit$$00000013)
    .ARM.Collect$$libinit$$00000015          0x08000356   Section        0  libinit2.o(.ARM.Collect$$libinit$$00000015)
    .ARM.Collect$$libinit$$00000017          0x08000356   Section        0  libinit2.o(.ARM.Collect$$libinit$$00000017)
    .ARM.Collect$$libinit$$00000018          0x08000356   Section       10  libinit2.o(.ARM.Collect$$libinit$$00000018)
    .ARM.Collect$$libinit$$00000019          0x08000360   Section        0  libinit2.o(.ARM.Collect$$libinit$$00000019)
    .ARM.Collect$$libinit$$0000001B          0x08000360   Section        0  libinit2.o(.ARM.Collect$$libinit$$0000001B)
    .ARM.Collect$$libinit$$0000001D          0x08000360   Section        0  libinit2.o(.ARM.Collect$$libinit$$0000001D)
    .ARM.Collect$$libinit$$0000001F          0x08000360   Section        0  libinit2.o(.ARM.Collect$$libinit$$0000001F)
    .ARM.Collect$$libinit$$00000021          0x08000360   Section        0  libinit2.o(.ARM.Collect$$libinit$$00000021)
    .ARM.Collect$$libinit$$00000023          0x08000360   Section        0  libinit2.o(.ARM.Collect$$libinit$$00000023)
    .ARM.Collect$$libinit$$00000025          0x08000360   Section        0  libinit2.o(.ARM.Collect$$libinit$$00000025)
    .ARM.Collect$$libinit$$00000027          0x08000360   Section        0  libinit2.o(.ARM.Collect$$libinit$$00000027)
    .ARM.Collect$$libinit$$0000002E          0x08000360   Section        0  libinit2.o(.ARM.Collect$$libinit$$0000002E)
    .ARM.Collect$$libinit$$00000030          0x08000360   Section        0  libinit2.o(.ARM.Collect$$libinit$$00000030)
    .ARM.Collect$$libinit$$00000032          0x08000360   Section        0  libinit2.o(.ARM.Collect$$libinit$$00000032)
    .ARM.Collect$$libinit$$00000034          0x08000360   Section        0  libinit2.o(.ARM.Collect$$libinit$$00000034)
    .ARM.Collect$$libinit$$00000035          0x08000360   Section        2  libinit2.o(.ARM.Collect$$libinit$$00000035)
    .ARM.Collect$$libshutdown$$00000000      0x08000362   Section        2  libshutdown.o(.ARM.Collect$$libshutdown$$00000000)
    .ARM.Collect$$libshutdown$$00000002      0x08000364   Section        0  libshutdown2.o(.ARM.Collect$$libshutdown$$00000002)
    .ARM.Collect$$libshutdown$$00000004      0x08000364   Section        0  libshutdown2.o(.ARM.Collect$$libshutdown$$00000004)
    .ARM.Collect$$libshutdown$$00000007      0x08000364   Section        0  libshutdown2.o(.ARM.Collect$$libshutdown$$00000007)
    .ARM.Collect$$libshutdown$$0000000A      0x08000364   Section        0  libshutdown2.o(.ARM.Collect$$libshutdown$$0000000A)
    .ARM.Collect$$libshutdown$$0000000C      0x08000364   Section        0  libshutdown2.o(.ARM.Collect$$libshutdown$$0000000C)
    .ARM.Collect$$libshutdown$$0000000F      0x08000364   Section        0  libshutdown2.o(.ARM.Collect$$libshutdown$$0000000F)
    .ARM.Collect$$libshutdown$$00000010      0x08000364   Section        2  libshutdown2.o(.ARM.Collect$$libshutdown$$00000010)
    .ARM.Collect$$rtentry$$00000000          0x08000366   Section        0  __rtentry.o(.ARM.Collect$$rtentry$$00000000)
    .ARM.Collect$$rtentry$$00000002          0x08000366   Section        0  __rtentry2.o(.ARM.Collect$$rtentry$$00000002)
    .ARM.Collect$$rtentry$$00000004          0x08000366   Section        6  __rtentry4.o(.ARM.Collect$$rtentry$$00000004)
    .ARM.Collect$$rtentry$$00000009          0x0800036c   Section        0  __rtentry2.o(.ARM.Collect$$rtentry$$00000009)
    .ARM.Collect$$rtentry$$0000000A          0x0800036c   Section        4  __rtentry2.o(.ARM.Collect$$rtentry$$0000000A)
    .ARM.Collect$$rtentry$$0000000C          0x08000370   Section        0  __rtentry2.o(.ARM.Collect$$rtentry$$0000000C)
    .ARM.Collect$$rtentry$$0000000D          0x08000370   Section        8  __rtentry2.o(.ARM.Collect$$rtentry$$0000000D)
    .ARM.Collect$$rtexit$$00000000           0x08000378   Section        2  rtexit.o(.ARM.Collect$$rtexit$$00000000)
    .ARM.Collect$$rtexit$$00000002           0x0800037a   Section        0  rtexit2.o(.ARM.Collect$$rtexit$$00000002)
    .ARM.Collect$$rtexit$$00000003           0x0800037a   Section        4  rtexit2.o(.ARM.Collect$$rtexit$$00000003)
    .ARM.Collect$$rtexit$$00000004           0x0800037e   Section        6  rtexit2.o(.ARM.Collect$$rtexit$$00000004)
    $v0                                      0x08000384   Number         0  startup_stm32h723xx.o(.text)
    .text                                    0x08000384   Section       64  startup_stm32h723xx.o(.text)
    .text                                    0x080003c4   Section      240  lludivv7m.o(.text)
    .text                                    0x080004b4   Section        0  __2sprintf.o(.text)
    .text                                    0x080004e0   Section        0  __printf_wp.o(.text)
    .text                                    0x080005ee   Section       78  rt_memclr_w.o(.text)
    .text                                    0x0800063c   Section        0  heapauxi.o(.text)
    _fp_digits                               0x08000643   Thumb Code   432  _printf_fp_dec.o(.text)
    .text                                    0x08000642   Section        0  _printf_fp_dec.o(.text)
    _printf_input_char                       0x08000a61   Thumb Code    10  _printf_char_common.o(.text)
    .text                                    0x08000a60   Section        0  _printf_char_common.o(.text)
    .text                                    0x08000a90   Section        0  _sputc.o(.text)
    .text                                    0x08000a9c   Section        8  rt_locale_intlibspace.o(.text)
    .text                                    0x08000aa4   Section      138  lludiv10.o(.text)
    .text                                    0x08000b30   Section        0  _printf_fp_infnan.o(.text)
    .text                                    0x08000bb0   Section        0  bigflt0.o(.text)
    .text                                    0x08000c94   Section        8  libspace.o(.text)
    .text                                    0x08000c9c   Section       74  sys_stackheap_outer.o(.text)
    .text                                    0x08000ce6   Section        0  exit.o(.text)
    .text                                    0x08000cf8   Section      124  strcmpv7m_pel.o(.text)
    .text                                    0x08000d74   Section        0  sys_exit.o(.text)
    .text                                    0x08000d80   Section        2  use_no_semi.o(.text)
    .text                                    0x08000d82   Section        0  indicate_semi.o(.text)
    [Anonymous Symbol]                       0x08000d88   Section        0  stm32h7xx_hal_adc.o(.text.ADC_ConfigureBoostMode)
    [Anonymous Symbol]                       0x08000e88   Section        0  stm32h7xx_hal_adc.o(.text.ADC_Enable)
    [Anonymous Symbol]                       0x08000f48   Section        0  stm32h7xx_it.o(.text.BusFault_Handler)
    [Anonymous Symbol]                       0x08000f50   Section        0  stm32h7xx_it.o(.text.DebugMon_Handler)
    [Anonymous Symbol]                       0x08000f58   Section        0  main.o(.text.Error_Handler)
    [Anonymous Symbol]                       0x08000f68   Section        0  stm32h7xx_hal_adc_ex.o(.text.HAL_ADCEx_MultiModeConfigChannel)
    [Anonymous Symbol]                       0x08001020   Section        0  stm32h7xx_hal_adc.o(.text.HAL_ADC_ConfigChannel)
    [Anonymous Symbol]                       0x08001558   Section        0  stm32h7xx_hal_adc.o(.text.HAL_ADC_GetValue)
    [Anonymous Symbol]                       0x08001560   Section        0  stm32h7xx_hal_adc.o(.text.HAL_ADC_Init)
    [Anonymous Symbol]                       0x08001878   Section        0  stm32h7xx_hal_msp.o(.text.HAL_ADC_MspInit)
    [Anonymous Symbol]                       0x08001920   Section        0  stm32h7xx_hal_adc.o(.text.HAL_ADC_PollForConversion)
    [Anonymous Symbol]                       0x08001a88   Section        0  stm32h7xx_hal_adc.o(.text.HAL_ADC_Start)
    [Anonymous Symbol]                       0x08001b88   Section        0  stm32h7xx_hal.o(.text.HAL_Delay)
    [Anonymous Symbol]                       0x08001bb0   Section        0  stm32h7xx_hal_gpio.o(.text.HAL_GPIO_Init)
    [Anonymous Symbol]                       0x08001d98   Section        0  stm32h7xx_hal.o(.text.HAL_GetTick)
    [Anonymous Symbol]                       0x08001da8   Section        0  stm32h7xx_hal.o(.text.HAL_IncTick)
    [Anonymous Symbol]                       0x08001dc8   Section        0  stm32h7xx_hal.o(.text.HAL_Init)
    [Anonymous Symbol]                       0x08001e30   Section        0  stm32h7xx_hal.o(.text.HAL_InitTick)
    [Anonymous Symbol]                       0x08001e80   Section        0  stm32h7xx_hal_cortex.o(.text.HAL_MPU_ConfigRegion)
    [Anonymous Symbol]                       0x08001ee0   Section        0  stm32h7xx_hal_cortex.o(.text.HAL_MPU_Disable)
    [Anonymous Symbol]                       0x08001f00   Section        0  stm32h7xx_hal_cortex.o(.text.HAL_MPU_Enable)
    [Anonymous Symbol]                       0x08001f20   Section        0  stm32h7xx_hal_msp.o(.text.HAL_MspInit)
    [Anonymous Symbol]                       0x08001f40   Section        0  stm32h7xx_hal_cortex.o(.text.HAL_NVIC_SetPriority)
    [Anonymous Symbol]                       0x08001fa0   Section        0  stm32h7xx_hal_cortex.o(.text.HAL_NVIC_SetPriorityGrouping)
    [Anonymous Symbol]                       0x08001fc0   Section        0  stm32h7xx_hal_pwr_ex.o(.text.HAL_PWREx_ConfigSupply)
    [Anonymous Symbol]                       0x08002010   Section        0  stm32h7xx_hal_rcc_ex.o(.text.HAL_RCCEx_GetD3PCLK1Freq)
    [Anonymous Symbol]                       0x08002038   Section        0  stm32h7xx_hal_rcc_ex.o(.text.HAL_RCCEx_GetPLL1ClockFreq)
    [Anonymous Symbol]                       0x08002168   Section        0  stm32h7xx_hal_rcc_ex.o(.text.HAL_RCCEx_GetPLL2ClockFreq)
    [Anonymous Symbol]                       0x08002298   Section        0  stm32h7xx_hal_rcc_ex.o(.text.HAL_RCCEx_GetPLL3ClockFreq)
    [Anonymous Symbol]                       0x080023c8   Section        0  stm32h7xx_hal_rcc_ex.o(.text.HAL_RCCEx_GetPeriphCLKFreq)
    [Anonymous Symbol]                       0x08002740   Section        0  stm32h7xx_hal_rcc_ex.o(.text.HAL_RCCEx_PeriphCLKConfig)
    [Anonymous Symbol]                       0x080032f8   Section        0  stm32h7xx_hal_rcc.o(.text.HAL_RCC_ClockConfig)
    [Anonymous Symbol]                       0x08003560   Section        0  stm32h7xx_hal_rcc.o(.text.HAL_RCC_GetHCLKFreq)
    [Anonymous Symbol]                       0x080035b0   Section        0  stm32h7xx_hal_rcc.o(.text.HAL_RCC_GetPCLK1Freq)
    [Anonymous Symbol]                       0x08003610   Section        0  stm32h7xx_hal_rcc.o(.text.HAL_RCC_GetPCLK2Freq)
    [Anonymous Symbol]                       0x08003670   Section        0  stm32h7xx_hal_rcc.o(.text.HAL_RCC_GetSysClockFreq)
    [Anonymous Symbol]                       0x08003788   Section        0  stm32h7xx_hal_rcc.o(.text.HAL_RCC_OscConfig)
    [Anonymous Symbol]                       0x08003c58   Section        0  stm32h7xx_hal_cortex.o(.text.HAL_SYSTICK_Config)
    [Anonymous Symbol]                       0x08003c88   Section        0  stm32h7xx_hal_uart_ex.o(.text.HAL_UARTEx_DisableFifoMode)
    [Anonymous Symbol]                       0x08003cc0   Section        0  stm32h7xx_hal_uart_ex.o(.text.HAL_UARTEx_SetRxFifoThreshold)
    [Anonymous Symbol]                       0x08003d50   Section        0  stm32h7xx_hal_uart_ex.o(.text.HAL_UARTEx_SetTxFifoThreshold)
    [Anonymous Symbol]                       0x08003de0   Section        0  stm32h7xx_hal_uart.o(.text.HAL_UART_Init)
    [Anonymous Symbol]                       0x08003ea8   Section        0  stm32h7xx_hal_msp.o(.text.HAL_UART_MspInit)
    [Anonymous Symbol]                       0x08003f30   Section        0  stm32h7xx_hal_uart.o(.text.HAL_UART_Transmit)
    [Anonymous Symbol]                       0x08004010   Section        0  stm32h7xx_it.o(.text.HardFault_Handler)
    [Anonymous Symbol]                       0x08004018   Section        0  stm32h7xx_it.o(.text.MemManage_Handler)
    [Anonymous Symbol]                       0x08004020   Section        0  stm32h7xx_it.o(.text.NMI_Handler)
    [Anonymous Symbol]                       0x08004028   Section        0  stm32h7xx_it.o(.text.PendSV_Handler)
    RCCEx_PLL2_Config                        0x08004031   Thumb Code   290  stm32h7xx_hal_rcc_ex.o(.text.RCCEx_PLL2_Config)
    [Anonymous Symbol]                       0x08004030   Section        0  stm32h7xx_hal_rcc_ex.o(.text.RCCEx_PLL2_Config)
    RCCEx_PLL3_Config                        0x08004159   Thumb Code   290  stm32h7xx_hal_rcc_ex.o(.text.RCCEx_PLL3_Config)
    [Anonymous Symbol]                       0x08004158   Section        0  stm32h7xx_hal_rcc_ex.o(.text.RCCEx_PLL3_Config)
    [Anonymous Symbol]                       0x08004280   Section        0  stm32h7xx_it.o(.text.SVC_Handler)
    [Anonymous Symbol]                       0x08004288   Section        0  stm32h7xx_it.o(.text.SysTick_Handler)
    [Anonymous Symbol]                       0x08004290   Section        0  main.o(.text.SystemClock_Config)
    [Anonymous Symbol]                       0x08004370   Section        0  system_stm32h7xx.o(.text.SystemInit)
    [Anonymous Symbol]                       0x08004420   Section        0  stm32h7xx_hal_uart.o(.text.UART_AdvFeatureConfig)
    [Anonymous Symbol]                       0x08004500   Section        0  stm32h7xx_hal_uart.o(.text.UART_SetConfig)
    [Anonymous Symbol]                       0x080049d8   Section        0  stm32h7xx_hal_uart.o(.text.UART_WaitOnFlagUntilTimeout)
    [Anonymous Symbol]                       0x08004c00   Section        0  stm32h7xx_it.o(.text.UsageFault_Handler)
    [Anonymous Symbol]                       0x08004c08   Section        0  main.o(.text.main)
    CL$$btod_d2e                             0x08004e74   Section       62  btod.o(CL$$btod_d2e)
    CL$$btod_d2e_denorm_low                  0x08004eb2   Section       70  btod.o(CL$$btod_d2e_denorm_low)
    CL$$btod_d2e_norm_op1                    0x08004ef8   Section       96  btod.o(CL$$btod_d2e_norm_op1)
    CL$$btod_div_common                      0x08004f58   Section      824  btod.o(CL$$btod_div_common)
    CL$$btod_e2e                             0x08005290   Section      220  btod.o(CL$$btod_e2e)
    CL$$btod_ediv                            0x0800536c   Section       42  btod.o(CL$$btod_ediv)
    CL$$btod_emul                            0x08005396   Section       42  btod.o(CL$$btod_emul)
    CL$$btod_mult_common                     0x080053c0   Section      580  btod.o(CL$$btod_mult_common)
    i.__ARM_fpclassify                       0x08005604   Section        0  fpclassify.o(i.__ARM_fpclassify)
    i._is_digit                              0x08005634   Section        0  __printf_wp.o(i._is_digit)
    locale$$code                             0x08005644   Section       44  lc_numeric_c.o(locale$$code)
    $v0                                      0x08005670   Number         0  fpinit.o(x$fpl$fpinit)
    x$fpl$fpinit                             0x08005670   Section       26  fpinit.o(x$fpl$fpinit)
    $v0                                      0x0800568a   Number         0  printf1.o(x$fpl$printf1)
    x$fpl$printf1                            0x0800568a   Section        4  printf1.o(x$fpl$printf1)
    x$fpl$usenofp                            0x0800568e   Section        0  usenofp.o(x$fpl$usenofp)
    tenpwrs_x                                0x08005690   Data          60  bigflt0.o(.constdata)
    .constdata                               0x08005690   Section      148  bigflt0.o(.constdata)
    tenpwrs_i                                0x080056cc   Data          64  bigflt0.o(.constdata)
    .Lswitch.table.UART_SetConfig.7          0x08005724   Data           6  stm32h7xx_hal_uart.o(.rodata..Lswitch.table.UART_SetConfig.7)
    .Lswitch.table.UART_SetConfig.9          0x0800572a   Data           6  stm32h7xx_hal_uart.o(.rodata..Lswitch.table.UART_SetConfig.9)
    UARTEx_SetNbDataToProcess.numerator      0x08005758   Data           8  stm32h7xx_hal_uart_ex.o(.rodata.cst8)
    [Anonymous Symbol]                       0x08005758   Section        0  stm32h7xx_hal_uart_ex.o(.rodata.cst8)
    UARTEx_SetNbDataToProcess.denominator    0x08005760   Data           8  stm32h7xx_hal_uart_ex.o(.rodata.cst8)
    locale$$data                             0x08005788   Section       28  lc_numeric_c.o(locale$$data)
    __lcnum_c_name                           0x0800578c   Data           2  lc_numeric_c.o(locale$$data)
    __lcnum_c_start                          0x08005794   Data           0  lc_numeric_c.o(locale$$data)
    __lcnum_c_point                          0x080057a0   Data           0  lc_numeric_c.o(locale$$data)
    __lcnum_c_thousands                      0x080057a2   Data           0  lc_numeric_c.o(locale$$data)
    __lcnum_c_grouping                       0x080057a3   Data           0  lc_numeric_c.o(locale$$data)
    __lcnum_c_end                            0x080057a4   Data           0  lc_numeric_c.o(locale$$data)
    .L_MergedGlobals                         0x24000000   Data           8  stm32h7xx_hal.o(.data..L_MergedGlobals)
    [Anonymous Symbol]                       0x24000000   Section        0  stm32h7xx_hal.o(.data..L_MergedGlobals)
    .L_MergedGlobals                         0x24000008   Data           8  system_stm32h7xx.o(.data..L_MergedGlobals)
    [Anonymous Symbol]                       0x24000008   Section        0  system_stm32h7xx.o(.data..L_MergedGlobals)
    .bss                                     0x24000010   Section       96  libspace.o(.bss)
    Heap_Mem                                 0x24000178   Data         512  startup_stm32h723xx.o(HEAP)
    HEAP                                     0x24000178   Section      512  startup_stm32h723xx.o(HEAP)
    Stack_Mem                                0x24000378   Data        1024  startup_stm32h723xx.o(STACK)
    STACK                                    0x24000378   Section     1024  startup_stm32h723xx.o(STACK)
    __initial_sp                             0x24000778   Data           0  startup_stm32h723xx.o(STACK)

    Global Symbols

    Symbol Name                              Value     Ov Type        Size  Object(Section)

    BuildAttributes$$THM_ISAv4$E$P$D$K$B$S$7EM$VFPv5_D16$PE$PLD8$A:L22UL41UL21$X:L11$S22US41US21$IEEE1$IW$~IW$USESV6$~STKCKD$USESV7$~SHL$OTIME$ROPI$IEEEJ$EBA8$UX$STANDARDLIB$REQ8$PRES8$EABIv2 0x00000000   Number         0  anon$$obj.o ABSOLUTE
    _printf_flags                            0x00000000   Number         0  printf_stubs.o ABSOLUTE
    _printf_return_value                     0x00000000   Number         0  printf_stubs.o ABSOLUTE
    _printf_sizespec                         0x00000000   Number         0  printf_stubs.o ABSOLUTE
    _printf_widthprec                        0x00000000   Number         0  printf_stubs.o ABSOLUTE
    __ARM_exceptions_init                     - Undefined Weak Reference
    __alloca_initialize                       - Undefined Weak Reference
    __arm_preinit_                            - Undefined Weak Reference
    __arm_relocate_pie_                       - Undefined Weak Reference
    __cpp_initialize__aeabi_                  - Undefined Weak Reference
    __cxa_finalize                            - Undefined Weak Reference
    __sigvec_lookup                           - Undefined Weak Reference
    _atexit_init                              - Undefined Weak Reference
    _call_atexit_fns                          - Undefined Weak Reference
    _clock_init                               - Undefined Weak Reference
    _fp_trap_init                             - Undefined Weak Reference
    _fp_trap_shutdown                         - Undefined Weak Reference
    _get_lc_collate                           - Undefined Weak Reference
    _get_lc_ctype                             - Undefined Weak Reference
    _get_lc_monetary                          - Undefined Weak Reference
    _get_lc_time                              - Undefined Weak Reference
    _getenv_init                              - Undefined Weak Reference
    _handle_redirection                       - Undefined Weak Reference
    _init_alloc                               - Undefined Weak Reference
    _init_user_alloc                          - Undefined Weak Reference
    _initio                                   - Undefined Weak Reference
    _printf_post_padding                      - Undefined Weak Reference
    _printf_pre_padding                       - Undefined Weak Reference
    _rand_init                                - Undefined Weak Reference
    _signal_finish                            - Undefined Weak Reference
    _signal_init                              - Undefined Weak Reference
    _terminate_alloc                          - Undefined Weak Reference
    _terminate_user_alloc                     - Undefined Weak Reference
    _terminateio                              - Undefined Weak Reference
    __Vectors_Size                           0x000002cc   Number         0  startup_stm32h723xx.o ABSOLUTE
    __Vectors                                0x08000000   Data           4  startup_stm32h723xx.o(RESET)
    __Vectors_End                            0x080002cc   Data           0  startup_stm32h723xx.o(RESET)
    __main                                   0x080002cd   Thumb Code     8  __main.o(!!!main)
    __scatterload                            0x080002d5   Thumb Code     0  __scatter.o(!!!scatter)
    __scatterload_rt2                        0x080002d5   Thumb Code    44  __scatter.o(!!!scatter)
    __scatterload_rt2_thumb_only             0x080002d5   Thumb Code     0  __scatter.o(!!!scatter)
    __scatterload_null                       0x080002e3   Thumb Code     0  __scatter.o(!!!scatter)
    __scatterload_copy                       0x08000309   Thumb Code    26  __scatter_copy.o(!!handler_copy)
    __scatterload_zeroinit                   0x08000325   Thumb Code    28  __scatter_zi.o(!!handler_zi)
    _printf_f                                0x08000341   Thumb Code     0  _printf_f.o(.ARM.Collect$$_printf_percent$$00000003)
    _printf_percent                          0x08000341   Thumb Code     0  _printf_percent.o(.ARM.Collect$$_printf_percent$$00000000)
    _printf_percent_end                      0x08000347   Thumb Code     0  _printf_percent_end.o(.ARM.Collect$$_printf_percent$$00000017)
    __rt_lib_init                            0x0800034b   Thumb Code     0  libinit.o(.ARM.Collect$$libinit$$00000000)
    __rt_lib_init_fp_1                       0x0800034d   Thumb Code     0  libinit2.o(.ARM.Collect$$libinit$$00000001)
    __rt_lib_init_heap_1                     0x08000351   Thumb Code     0  libinit2.o(.ARM.Collect$$libinit$$0000000C)
    __rt_lib_init_lc_common                  0x08000351   Thumb Code     0  libinit2.o(.ARM.Collect$$libinit$$00000011)
    __rt_lib_init_preinit_1                  0x08000351   Thumb Code     0  libinit2.o(.ARM.Collect$$libinit$$00000006)
    __rt_lib_init_rand_1                     0x08000351   Thumb Code     0  libinit2.o(.ARM.Collect$$libinit$$00000010)
    __rt_lib_init_relocate_pie_1             0x08000351   Thumb Code     0  libinit2.o(.ARM.Collect$$libinit$$00000004)
    __rt_lib_init_user_alloc_1               0x08000351   Thumb Code     0  libinit2.o(.ARM.Collect$$libinit$$0000000E)
    __rt_lib_init_lc_collate_1               0x08000357   Thumb Code     0  libinit2.o(.ARM.Collect$$libinit$$00000013)
    __rt_lib_init_lc_ctype_1                 0x08000357   Thumb Code     0  libinit2.o(.ARM.Collect$$libinit$$00000015)
    __rt_lib_init_lc_monetary_1              0x08000357   Thumb Code     0  libinit2.o(.ARM.Collect$$libinit$$00000017)
    __rt_lib_init_lc_numeric_2               0x08000357   Thumb Code     0  libinit2.o(.ARM.Collect$$libinit$$00000018)
    __rt_lib_init_alloca_1                   0x08000361   Thumb Code     0  libinit2.o(.ARM.Collect$$libinit$$00000030)
    __rt_lib_init_argv_1                     0x08000361   Thumb Code     0  libinit2.o(.ARM.Collect$$libinit$$0000002E)
    __rt_lib_init_atexit_1                   0x08000361   Thumb Code     0  libinit2.o(.ARM.Collect$$libinit$$0000001D)
    __rt_lib_init_clock_1                    0x08000361   Thumb Code     0  libinit2.o(.ARM.Collect$$libinit$$00000023)
    __rt_lib_init_cpp_1                      0x08000361   Thumb Code     0  libinit2.o(.ARM.Collect$$libinit$$00000034)
    __rt_lib_init_exceptions_1               0x08000361   Thumb Code     0  libinit2.o(.ARM.Collect$$libinit$$00000032)
    __rt_lib_init_fp_trap_1                  0x08000361   Thumb Code     0  libinit2.o(.ARM.Collect$$libinit$$00000021)
    __rt_lib_init_getenv_1                   0x08000361   Thumb Code     0  libinit2.o(.ARM.Collect$$libinit$$00000025)
    __rt_lib_init_lc_numeric_1               0x08000361   Thumb Code     0  libinit2.o(.ARM.Collect$$libinit$$00000019)
    __rt_lib_init_lc_time_1                  0x08000361   Thumb Code     0  libinit2.o(.ARM.Collect$$libinit$$0000001B)
    __rt_lib_init_return                     0x08000361   Thumb Code     0  libinit2.o(.ARM.Collect$$libinit$$00000035)
    __rt_lib_init_signal_1                   0x08000361   Thumb Code     0  libinit2.o(.ARM.Collect$$libinit$$0000001F)
    __rt_lib_init_stdio_1                    0x08000361   Thumb Code     0  libinit2.o(.ARM.Collect$$libinit$$00000027)
    __rt_lib_shutdown                        0x08000363   Thumb Code     0  libshutdown.o(.ARM.Collect$$libshutdown$$00000000)
    __rt_lib_shutdown_cpp_1                  0x08000365   Thumb Code     0  libshutdown2.o(.ARM.Collect$$libshutdown$$00000002)
    __rt_lib_shutdown_fp_trap_1              0x08000365   Thumb Code     0  libshutdown2.o(.ARM.Collect$$libshutdown$$00000007)
    __rt_lib_shutdown_heap_1                 0x08000365   Thumb Code     0  libshutdown2.o(.ARM.Collect$$libshutdown$$0000000F)
    __rt_lib_shutdown_return                 0x08000365   Thumb Code     0  libshutdown2.o(.ARM.Collect$$libshutdown$$00000010)
    __rt_lib_shutdown_signal_1               0x08000365   Thumb Code     0  libshutdown2.o(.ARM.Collect$$libshutdown$$0000000A)
    __rt_lib_shutdown_stdio_1                0x08000365   Thumb Code     0  libshutdown2.o(.ARM.Collect$$libshutdown$$00000004)
    __rt_lib_shutdown_user_alloc_1           0x08000365   Thumb Code     0  libshutdown2.o(.ARM.Collect$$libshutdown$$0000000C)
    __rt_entry                               0x08000367   Thumb Code     0  __rtentry.o(.ARM.Collect$$rtentry$$00000000)
    __rt_entry_presh_1                       0x08000367   Thumb Code     0  __rtentry2.o(.ARM.Collect$$rtentry$$00000002)
    __rt_entry_sh                            0x08000367   Thumb Code     0  __rtentry4.o(.ARM.Collect$$rtentry$$00000004)
    __rt_entry_li                            0x0800036d   Thumb Code     0  __rtentry2.o(.ARM.Collect$$rtentry$$0000000A)
    __rt_entry_postsh_1                      0x0800036d   Thumb Code     0  __rtentry2.o(.ARM.Collect$$rtentry$$00000009)
    __rt_entry_main                          0x08000371   Thumb Code     0  __rtentry2.o(.ARM.Collect$$rtentry$$0000000D)
    __rt_entry_postli_1                      0x08000371   Thumb Code     0  __rtentry2.o(.ARM.Collect$$rtentry$$0000000C)
    __rt_exit                                0x08000379   Thumb Code     0  rtexit.o(.ARM.Collect$$rtexit$$00000000)
    __rt_exit_ls                             0x0800037b   Thumb Code     0  rtexit2.o(.ARM.Collect$$rtexit$$00000003)
    __rt_exit_prels_1                        0x0800037b   Thumb Code     0  rtexit2.o(.ARM.Collect$$rtexit$$00000002)
    __rt_exit_exit                           0x0800037f   Thumb Code     0  rtexit2.o(.ARM.Collect$$rtexit$$00000004)
    Reset_Handler                            0x08000385   Thumb Code     8  startup_stm32h723xx.o(.text)
    ADC3_IRQHandler                          0x0800039f   Thumb Code     0  startup_stm32h723xx.o(.text)
    ADC_IRQHandler                           0x0800039f   Thumb Code     0  startup_stm32h723xx.o(.text)
    BDMA_Channel0_IRQHandler                 0x0800039f   Thumb Code     0  startup_stm32h723xx.o(.text)
    BDMA_Channel1_IRQHandler                 0x0800039f   Thumb Code     0  startup_stm32h723xx.o(.text)
    BDMA_Channel2_IRQHandler                 0x0800039f   Thumb Code     0  startup_stm32h723xx.o(.text)
    BDMA_Channel3_IRQHandler                 0x0800039f   Thumb Code     0  startup_stm32h723xx.o(.text)
    BDMA_Channel4_IRQHandler                 0x0800039f   Thumb Code     0  startup_stm32h723xx.o(.text)
    BDMA_Channel5_IRQHandler                 0x0800039f   Thumb Code     0  startup_stm32h723xx.o(.text)
    BDMA_Channel6_IRQHandler                 0x0800039f   Thumb Code     0  startup_stm32h723xx.o(.text)
    BDMA_Channel7_IRQHandler                 0x0800039f   Thumb Code     0  startup_stm32h723xx.o(.text)
    CEC_IRQHandler                           0x0800039f   Thumb Code     0  startup_stm32h723xx.o(.text)
    COMP1_IRQHandler                         0x0800039f   Thumb Code     0  startup_stm32h723xx.o(.text)
    CORDIC_IRQHandler                        0x0800039f   Thumb Code     0  startup_stm32h723xx.o(.text)
    CRS_IRQHandler                           0x0800039f   Thumb Code     0  startup_stm32h723xx.o(.text)
    DCMI_PSSI_IRQHandler                     0x0800039f   Thumb Code     0  startup_stm32h723xx.o(.text)
    DFSDM1_FLT0_IRQHandler                   0x0800039f   Thumb Code     0  startup_stm32h723xx.o(.text)
    DFSDM1_FLT1_IRQHandler                   0x0800039f   Thumb Code     0  startup_stm32h723xx.o(.text)
    DFSDM1_FLT2_IRQHandler                   0x0800039f   Thumb Code     0  startup_stm32h723xx.o(.text)
    DFSDM1_FLT3_IRQHandler                   0x0800039f   Thumb Code     0  startup_stm32h723xx.o(.text)
    DMA1_Stream0_IRQHandler                  0x0800039f   Thumb Code     0  startup_stm32h723xx.o(.text)
    DMA1_Stream1_IRQHandler                  0x0800039f   Thumb Code     0  startup_stm32h723xx.o(.text)
    DMA1_Stream2_IRQHandler                  0x0800039f   Thumb Code     0  startup_stm32h723xx.o(.text)
    DMA1_Stream3_IRQHandler                  0x0800039f   Thumb Code     0  startup_stm32h723xx.o(.text)
    DMA1_Stream4_IRQHandler                  0x0800039f   Thumb Code     0  startup_stm32h723xx.o(.text)
    DMA1_Stream5_IRQHandler                  0x0800039f   Thumb Code     0  startup_stm32h723xx.o(.text)
    DMA1_Stream6_IRQHandler                  0x0800039f   Thumb Code     0  startup_stm32h723xx.o(.text)
    DMA1_Stream7_IRQHandler                  0x0800039f   Thumb Code     0  startup_stm32h723xx.o(.text)
    DMA2D_IRQHandler                         0x0800039f   Thumb Code     0  startup_stm32h723xx.o(.text)
    DMA2_Stream0_IRQHandler                  0x0800039f   Thumb Code     0  startup_stm32h723xx.o(.text)
    DMA2_Stream1_IRQHandler                  0x0800039f   Thumb Code     0  startup_stm32h723xx.o(.text)
    DMA2_Stream2_IRQHandler                  0x0800039f   Thumb Code     0  startup_stm32h723xx.o(.text)
    DMA2_Stream3_IRQHandler                  0x0800039f   Thumb Code     0  startup_stm32h723xx.o(.text)
    DMA2_Stream4_IRQHandler                  0x0800039f   Thumb Code     0  startup_stm32h723xx.o(.text)
    DMA2_Stream5_IRQHandler                  0x0800039f   Thumb Code     0  startup_stm32h723xx.o(.text)
    DMA2_Stream6_IRQHandler                  0x0800039f   Thumb Code     0  startup_stm32h723xx.o(.text)
    DMA2_Stream7_IRQHandler                  0x0800039f   Thumb Code     0  startup_stm32h723xx.o(.text)
    DMAMUX1_OVR_IRQHandler                   0x0800039f   Thumb Code     0  startup_stm32h723xx.o(.text)
    DMAMUX2_OVR_IRQHandler                   0x0800039f   Thumb Code     0  startup_stm32h723xx.o(.text)
    DTS_IRQHandler                           0x0800039f   Thumb Code     0  startup_stm32h723xx.o(.text)
    ECC_IRQHandler                           0x0800039f   Thumb Code     0  startup_stm32h723xx.o(.text)
    ETH_IRQHandler                           0x0800039f   Thumb Code     0  startup_stm32h723xx.o(.text)
    ETH_WKUP_IRQHandler                      0x0800039f   Thumb Code     0  startup_stm32h723xx.o(.text)
    EXTI0_IRQHandler                         0x0800039f   Thumb Code     0  startup_stm32h723xx.o(.text)
    EXTI15_10_IRQHandler                     0x0800039f   Thumb Code     0  startup_stm32h723xx.o(.text)
    EXTI1_IRQHandler                         0x0800039f   Thumb Code     0  startup_stm32h723xx.o(.text)
    EXTI2_IRQHandler                         0x0800039f   Thumb Code     0  startup_stm32h723xx.o(.text)
    EXTI3_IRQHandler                         0x0800039f   Thumb Code     0  startup_stm32h723xx.o(.text)
    EXTI4_IRQHandler                         0x0800039f   Thumb Code     0  startup_stm32h723xx.o(.text)
    EXTI9_5_IRQHandler                       0x0800039f   Thumb Code     0  startup_stm32h723xx.o(.text)
    FDCAN1_IT0_IRQHandler                    0x0800039f   Thumb Code     0  startup_stm32h723xx.o(.text)
    FDCAN1_IT1_IRQHandler                    0x0800039f   Thumb Code     0  startup_stm32h723xx.o(.text)
    FDCAN2_IT0_IRQHandler                    0x0800039f   Thumb Code     0  startup_stm32h723xx.o(.text)
    FDCAN2_IT1_IRQHandler                    0x0800039f   Thumb Code     0  startup_stm32h723xx.o(.text)
    FDCAN3_IT0_IRQHandler                    0x0800039f   Thumb Code     0  startup_stm32h723xx.o(.text)
    FDCAN3_IT1_IRQHandler                    0x0800039f   Thumb Code     0  startup_stm32h723xx.o(.text)
    FDCAN_CAL_IRQHandler                     0x0800039f   Thumb Code     0  startup_stm32h723xx.o(.text)
    FLASH_IRQHandler                         0x0800039f   Thumb Code     0  startup_stm32h723xx.o(.text)
    FMAC_IRQHandler                          0x0800039f   Thumb Code     0  startup_stm32h723xx.o(.text)
    FMC_IRQHandler                           0x0800039f   Thumb Code     0  startup_stm32h723xx.o(.text)
    FPU_IRQHandler                           0x0800039f   Thumb Code     0  startup_stm32h723xx.o(.text)
    HSEM1_IRQHandler                         0x0800039f   Thumb Code     0  startup_stm32h723xx.o(.text)
    I2C1_ER_IRQHandler                       0x0800039f   Thumb Code     0  startup_stm32h723xx.o(.text)
    I2C1_EV_IRQHandler                       0x0800039f   Thumb Code     0  startup_stm32h723xx.o(.text)
    I2C2_ER_IRQHandler                       0x0800039f   Thumb Code     0  startup_stm32h723xx.o(.text)
    I2C2_EV_IRQHandler                       0x0800039f   Thumb Code     0  startup_stm32h723xx.o(.text)
    I2C3_ER_IRQHandler                       0x0800039f   Thumb Code     0  startup_stm32h723xx.o(.text)
    I2C3_EV_IRQHandler                       0x0800039f   Thumb Code     0  startup_stm32h723xx.o(.text)
    I2C4_ER_IRQHandler                       0x0800039f   Thumb Code     0  startup_stm32h723xx.o(.text)
    I2C4_EV_IRQHandler                       0x0800039f   Thumb Code     0  startup_stm32h723xx.o(.text)
    I2C5_ER_IRQHandler                       0x0800039f   Thumb Code     0  startup_stm32h723xx.o(.text)
    I2C5_EV_IRQHandler                       0x0800039f   Thumb Code     0  startup_stm32h723xx.o(.text)
    LPTIM1_IRQHandler                        0x0800039f   Thumb Code     0  startup_stm32h723xx.o(.text)
    LPTIM2_IRQHandler                        0x0800039f   Thumb Code     0  startup_stm32h723xx.o(.text)
    LPTIM3_IRQHandler                        0x0800039f   Thumb Code     0  startup_stm32h723xx.o(.text)
    LPTIM4_IRQHandler                        0x0800039f   Thumb Code     0  startup_stm32h723xx.o(.text)
    LPTIM5_IRQHandler                        0x0800039f   Thumb Code     0  startup_stm32h723xx.o(.text)
    LPUART1_IRQHandler                       0x0800039f   Thumb Code     0  startup_stm32h723xx.o(.text)
    LTDC_ER_IRQHandler                       0x0800039f   Thumb Code     0  startup_stm32h723xx.o(.text)
    LTDC_IRQHandler                          0x0800039f   Thumb Code     0  startup_stm32h723xx.o(.text)
    MDIOS_IRQHandler                         0x0800039f   Thumb Code     0  startup_stm32h723xx.o(.text)
    MDIOS_WKUP_IRQHandler                    0x0800039f   Thumb Code     0  startup_stm32h723xx.o(.text)
    MDMA_IRQHandler                          0x0800039f   Thumb Code     0  startup_stm32h723xx.o(.text)
    OCTOSPI1_IRQHandler                      0x0800039f   Thumb Code     0  startup_stm32h723xx.o(.text)
    OCTOSPI2_IRQHandler                      0x0800039f   Thumb Code     0  startup_stm32h723xx.o(.text)
    OTG_HS_EP1_IN_IRQHandler                 0x0800039f   Thumb Code     0  startup_stm32h723xx.o(.text)
    OTG_HS_EP1_OUT_IRQHandler                0x0800039f   Thumb Code     0  startup_stm32h723xx.o(.text)
    OTG_HS_IRQHandler                        0x0800039f   Thumb Code     0  startup_stm32h723xx.o(.text)
    OTG_HS_WKUP_IRQHandler                   0x0800039f   Thumb Code     0  startup_stm32h723xx.o(.text)
    PVD_AVD_IRQHandler                       0x0800039f   Thumb Code     0  startup_stm32h723xx.o(.text)
    RCC_IRQHandler                           0x0800039f   Thumb Code     0  startup_stm32h723xx.o(.text)
    RNG_IRQHandler                           0x0800039f   Thumb Code     0  startup_stm32h723xx.o(.text)
    RTC_Alarm_IRQHandler                     0x0800039f   Thumb Code     0  startup_stm32h723xx.o(.text)
    RTC_WKUP_IRQHandler                      0x0800039f   Thumb Code     0  startup_stm32h723xx.o(.text)
    SAI1_IRQHandler                          0x0800039f   Thumb Code     0  startup_stm32h723xx.o(.text)
    SAI4_IRQHandler                          0x0800039f   Thumb Code     0  startup_stm32h723xx.o(.text)
    SDMMC1_IRQHandler                        0x0800039f   Thumb Code     0  startup_stm32h723xx.o(.text)
    SDMMC2_IRQHandler                        0x0800039f   Thumb Code     0  startup_stm32h723xx.o(.text)
    SPDIF_RX_IRQHandler                      0x0800039f   Thumb Code     0  startup_stm32h723xx.o(.text)
    SPI1_IRQHandler                          0x0800039f   Thumb Code     0  startup_stm32h723xx.o(.text)
    SPI2_IRQHandler                          0x0800039f   Thumb Code     0  startup_stm32h723xx.o(.text)
    SPI3_IRQHandler                          0x0800039f   Thumb Code     0  startup_stm32h723xx.o(.text)
    SPI4_IRQHandler                          0x0800039f   Thumb Code     0  startup_stm32h723xx.o(.text)
    SPI5_IRQHandler                          0x0800039f   Thumb Code     0  startup_stm32h723xx.o(.text)
    SPI6_IRQHandler                          0x0800039f   Thumb Code     0  startup_stm32h723xx.o(.text)
    SWPMI1_IRQHandler                        0x0800039f   Thumb Code     0  startup_stm32h723xx.o(.text)
    TAMP_STAMP_IRQHandler                    0x0800039f   Thumb Code     0  startup_stm32h723xx.o(.text)
    TIM15_IRQHandler                         0x0800039f   Thumb Code     0  startup_stm32h723xx.o(.text)
    TIM16_IRQHandler                         0x0800039f   Thumb Code     0  startup_stm32h723xx.o(.text)
    TIM17_IRQHandler                         0x0800039f   Thumb Code     0  startup_stm32h723xx.o(.text)
    TIM1_BRK_IRQHandler                      0x0800039f   Thumb Code     0  startup_stm32h723xx.o(.text)
    TIM1_CC_IRQHandler                       0x0800039f   Thumb Code     0  startup_stm32h723xx.o(.text)
    TIM1_TRG_COM_IRQHandler                  0x0800039f   Thumb Code     0  startup_stm32h723xx.o(.text)
    TIM1_UP_IRQHandler                       0x0800039f   Thumb Code     0  startup_stm32h723xx.o(.text)
    TIM23_IRQHandler                         0x0800039f   Thumb Code     0  startup_stm32h723xx.o(.text)
    TIM24_IRQHandler                         0x0800039f   Thumb Code     0  startup_stm32h723xx.o(.text)
    TIM2_IRQHandler                          0x0800039f   Thumb Code     0  startup_stm32h723xx.o(.text)
    TIM3_IRQHandler                          0x0800039f   Thumb Code     0  startup_stm32h723xx.o(.text)
    TIM4_IRQHandler                          0x0800039f   Thumb Code     0  startup_stm32h723xx.o(.text)
    TIM5_IRQHandler                          0x0800039f   Thumb Code     0  startup_stm32h723xx.o(.text)
    TIM6_DAC_IRQHandler                      0x0800039f   Thumb Code     0  startup_stm32h723xx.o(.text)
    TIM7_IRQHandler                          0x0800039f   Thumb Code     0  startup_stm32h723xx.o(.text)
    TIM8_BRK_TIM12_IRQHandler                0x0800039f   Thumb Code     0  startup_stm32h723xx.o(.text)
    TIM8_CC_IRQHandler                       0x0800039f   Thumb Code     0  startup_stm32h723xx.o(.text)
    TIM8_TRG_COM_TIM14_IRQHandler            0x0800039f   Thumb Code     0  startup_stm32h723xx.o(.text)
    TIM8_UP_TIM13_IRQHandler                 0x0800039f   Thumb Code     0  startup_stm32h723xx.o(.text)
    UART4_IRQHandler                         0x0800039f   Thumb Code     0  startup_stm32h723xx.o(.text)
    UART5_IRQHandler                         0x0800039f   Thumb Code     0  startup_stm32h723xx.o(.text)
    UART7_IRQHandler                         0x0800039f   Thumb Code     0  startup_stm32h723xx.o(.text)
    UART8_IRQHandler                         0x0800039f   Thumb Code     0  startup_stm32h723xx.o(.text)
    UART9_IRQHandler                         0x0800039f   Thumb Code     0  startup_stm32h723xx.o(.text)
    USART10_IRQHandler                       0x0800039f   Thumb Code     0  startup_stm32h723xx.o(.text)
    USART1_IRQHandler                        0x0800039f   Thumb Code     0  startup_stm32h723xx.o(.text)
    USART2_IRQHandler                        0x0800039f   Thumb Code     0  startup_stm32h723xx.o(.text)
    USART3_IRQHandler                        0x0800039f   Thumb Code     0  startup_stm32h723xx.o(.text)
    USART6_IRQHandler                        0x0800039f   Thumb Code     0  startup_stm32h723xx.o(.text)
    WAKEUP_PIN_IRQHandler                    0x0800039f   Thumb Code     0  startup_stm32h723xx.o(.text)
    WWDG_IRQHandler                          0x0800039f   Thumb Code     0  startup_stm32h723xx.o(.text)
    __user_initial_stackheap                 0x080003a1   Thumb Code     0  startup_stm32h723xx.o(.text)
    __aeabi_uldivmod                         0x080003c5   Thumb Code     0  lludivv7m.o(.text)
    _ll_udiv                                 0x080003c5   Thumb Code   240  lludivv7m.o(.text)
    __2sprintf                               0x080004b5   Thumb Code    38  __2sprintf.o(.text)
    __printf                                 0x080004e1   Thumb Code   270  __printf_wp.o(.text)
    __aeabi_memclr4                          0x080005ef   Thumb Code     0  rt_memclr_w.o(.text)
    __aeabi_memclr8                          0x080005ef   Thumb Code     0  rt_memclr_w.o(.text)
    __rt_memclr_w                            0x080005ef   Thumb Code     0  rt_memclr_w.o(.text)
    _memset_w                                0x080005f3   Thumb Code    74  rt_memclr_w.o(.text)
    __use_two_region_memory                  0x0800063d   Thumb Code     2  heapauxi.o(.text)
    __rt_heap_escrow$2region                 0x0800063f   Thumb Code     2  heapauxi.o(.text)
    __rt_heap_expand$2region                 0x08000641   Thumb Code     2  heapauxi.o(.text)
    _printf_fp_dec_real                      0x080007f3   Thumb Code   620  _printf_fp_dec.o(.text)
    _printf_char_common                      0x08000a6b   Thumb Code    32  _printf_char_common.o(.text)
    _sputc                                   0x08000a91   Thumb Code    10  _sputc.o(.text)
    __rt_locale                              0x08000a9d   Thumb Code     8  rt_locale_intlibspace.o(.text)
    _ll_udiv10                               0x08000aa5   Thumb Code   138  lludiv10.o(.text)
    _printf_fp_infnan                        0x08000b31   Thumb Code   112  _printf_fp_infnan.o(.text)
    _btod_etento                             0x08000bb1   Thumb Code   224  bigflt0.o(.text)
    __user_libspace                          0x08000c95   Thumb Code     8  libspace.o(.text)
    __user_perproc_libspace                  0x08000c95   Thumb Code     0  libspace.o(.text)
    __user_perthread_libspace                0x08000c95   Thumb Code     0  libspace.o(.text)
    __user_setup_stackheap                   0x08000c9d   Thumb Code    74  sys_stackheap_outer.o(.text)
    exit                                     0x08000ce7   Thumb Code    18  exit.o(.text)
    strcmp                                   0x08000cf9   Thumb Code   124  strcmpv7m_pel.o(.text)
    _sys_exit                                0x08000d75   Thumb Code     8  sys_exit.o(.text)
    __I$use$semihosting                      0x08000d81   Thumb Code     0  use_no_semi.o(.text)
    __use_no_semihosting_swi                 0x08000d81   Thumb Code     2  use_no_semi.o(.text)
    __semihosting_library_function           0x08000d83   Thumb Code     0  indicate_semi.o(.text)
    ADC_ConfigureBoostMode                   0x08000d89   Thumb Code   256  stm32h7xx_hal_adc.o(.text.ADC_ConfigureBoostMode)
    ADC_Enable                               0x08000e89   Thumb Code   186  stm32h7xx_hal_adc.o(.text.ADC_Enable)
    BusFault_Handler                         0x08000f49   Thumb Code     2  stm32h7xx_it.o(.text.BusFault_Handler)
    DebugMon_Handler                         0x08000f51   Thumb Code     2  stm32h7xx_it.o(.text.DebugMon_Handler)
    Error_Handler                            0x08000f59   Thumb Code    10  main.o(.text.Error_Handler)
    HAL_ADCEx_MultiModeConfigChannel         0x08000f69   Thumb Code   184  stm32h7xx_hal_adc_ex.o(.text.HAL_ADCEx_MultiModeConfigChannel)
    HAL_ADC_ConfigChannel                    0x08001021   Thumb Code  1336  stm32h7xx_hal_adc.o(.text.HAL_ADC_ConfigChannel)
    HAL_ADC_GetValue                         0x08001559   Thumb Code     6  stm32h7xx_hal_adc.o(.text.HAL_ADC_GetValue)
    HAL_ADC_Init                             0x08001561   Thumb Code   786  stm32h7xx_hal_adc.o(.text.HAL_ADC_Init)
    HAL_ADC_MspInit                          0x08001879   Thumb Code   162  stm32h7xx_hal_msp.o(.text.HAL_ADC_MspInit)
    HAL_ADC_PollForConversion                0x08001921   Thumb Code   360  stm32h7xx_hal_adc.o(.text.HAL_ADC_PollForConversion)
    HAL_ADC_Start                            0x08001a89   Thumb Code   254  stm32h7xx_hal_adc.o(.text.HAL_ADC_Start)
    HAL_Delay                                0x08001b89   Thumb Code    40  stm32h7xx_hal.o(.text.HAL_Delay)
    HAL_GPIO_Init                            0x08001bb1   Thumb Code   486  stm32h7xx_hal_gpio.o(.text.HAL_GPIO_Init)
    HAL_GetTick                              0x08001d99   Thumb Code    12  stm32h7xx_hal.o(.text.HAL_GetTick)
    HAL_IncTick                              0x08001da9   Thumb Code    26  stm32h7xx_hal.o(.text.HAL_IncTick)
    HAL_Init                                 0x08001dc9   Thumb Code   100  stm32h7xx_hal.o(.text.HAL_Init)
    HAL_InitTick                             0x08001e31   Thumb Code    76  stm32h7xx_hal.o(.text.HAL_InitTick)
    HAL_MPU_ConfigRegion                     0x08001e81   Thumb Code    96  stm32h7xx_hal_cortex.o(.text.HAL_MPU_ConfigRegion)
    HAL_MPU_Disable                          0x08001ee1   Thumb Code    26  stm32h7xx_hal_cortex.o(.text.HAL_MPU_Disable)
    HAL_MPU_Enable                           0x08001f01   Thumb Code    32  stm32h7xx_hal_cortex.o(.text.HAL_MPU_Enable)
    HAL_MspInit                              0x08001f21   Thumb Code    32  stm32h7xx_hal_msp.o(.text.HAL_MspInit)
    HAL_NVIC_SetPriority                     0x08001f41   Thumb Code    92  stm32h7xx_hal_cortex.o(.text.HAL_NVIC_SetPriority)
    HAL_NVIC_SetPriorityGrouping             0x08001fa1   Thumb Code    32  stm32h7xx_hal_cortex.o(.text.HAL_NVIC_SetPriorityGrouping)
    HAL_PWREx_ConfigSupply                   0x08001fc1   Thumb Code    76  stm32h7xx_hal_pwr_ex.o(.text.HAL_PWREx_ConfigSupply)
    HAL_RCCEx_GetD3PCLK1Freq                 0x08002011   Thumb Code    38  stm32h7xx_hal_rcc_ex.o(.text.HAL_RCCEx_GetD3PCLK1Freq)
    HAL_RCCEx_GetPLL1ClockFreq               0x08002039   Thumb Code   304  stm32h7xx_hal_rcc_ex.o(.text.HAL_RCCEx_GetPLL1ClockFreq)
    HAL_RCCEx_GetPLL2ClockFreq               0x08002169   Thumb Code   300  stm32h7xx_hal_rcc_ex.o(.text.HAL_RCCEx_GetPLL2ClockFreq)
    HAL_RCCEx_GetPLL3ClockFreq               0x08002299   Thumb Code   300  stm32h7xx_hal_rcc_ex.o(.text.HAL_RCCEx_GetPLL3ClockFreq)
    HAL_RCCEx_GetPeriphCLKFreq               0x080023c9   Thumb Code   886  stm32h7xx_hal_rcc_ex.o(.text.HAL_RCCEx_GetPeriphCLKFreq)
    HAL_RCCEx_PeriphCLKConfig                0x08002741   Thumb Code  2994  stm32h7xx_hal_rcc_ex.o(.text.HAL_RCCEx_PeriphCLKConfig)
    HAL_RCC_ClockConfig                      0x080032f9   Thumb Code   616  stm32h7xx_hal_rcc.o(.text.HAL_RCC_ClockConfig)
    HAL_RCC_GetHCLKFreq                      0x08003561   Thumb Code    76  stm32h7xx_hal_rcc.o(.text.HAL_RCC_GetHCLKFreq)
    HAL_RCC_GetPCLK1Freq                     0x080035b1   Thumb Code    96  stm32h7xx_hal_rcc.o(.text.HAL_RCC_GetPCLK1Freq)
    HAL_RCC_GetPCLK2Freq                     0x08003611   Thumb Code    96  stm32h7xx_hal_rcc.o(.text.HAL_RCC_GetPCLK2Freq)
    HAL_RCC_GetSysClockFreq                  0x08003671   Thumb Code   276  stm32h7xx_hal_rcc.o(.text.HAL_RCC_GetSysClockFreq)
    HAL_RCC_OscConfig                        0x08003789   Thumb Code  1232  stm32h7xx_hal_rcc.o(.text.HAL_RCC_OscConfig)
    HAL_SYSTICK_Config                       0x08003c59   Thumb Code    46  stm32h7xx_hal_cortex.o(.text.HAL_SYSTICK_Config)
    HAL_UARTEx_DisableFifoMode               0x08003c89   Thumb Code    54  stm32h7xx_hal_uart_ex.o(.text.HAL_UARTEx_DisableFifoMode)
    HAL_UARTEx_SetRxFifoThreshold            0x08003cc1   Thumb Code   144  stm32h7xx_hal_uart_ex.o(.text.HAL_UARTEx_SetRxFifoThreshold)
    HAL_UARTEx_SetTxFifoThreshold            0x08003d51   Thumb Code   144  stm32h7xx_hal_uart_ex.o(.text.HAL_UARTEx_SetTxFifoThreshold)
    HAL_UART_Init                            0x08003de1   Thumb Code   198  stm32h7xx_hal_uart.o(.text.HAL_UART_Init)
    HAL_UART_MspInit                         0x08003ea9   Thumb Code   132  stm32h7xx_hal_msp.o(.text.HAL_UART_MspInit)
    HAL_UART_Transmit                        0x08003f31   Thumb Code   218  stm32h7xx_hal_uart.o(.text.HAL_UART_Transmit)
    HardFault_Handler                        0x08004011   Thumb Code     2  stm32h7xx_it.o(.text.HardFault_Handler)
    MemManage_Handler                        0x08004019   Thumb Code     2  stm32h7xx_it.o(.text.MemManage_Handler)
    NMI_Handler                              0x08004021   Thumb Code     2  stm32h7xx_it.o(.text.NMI_Handler)
    PendSV_Handler                           0x08004029   Thumb Code     2  stm32h7xx_it.o(.text.PendSV_Handler)
    SVC_Handler                              0x08004281   Thumb Code     2  stm32h7xx_it.o(.text.SVC_Handler)
    SysTick_Handler                          0x08004289   Thumb Code     4  stm32h7xx_it.o(.text.SysTick_Handler)
    SystemClock_Config                       0x08004291   Thumb Code   224  main.o(.text.SystemClock_Config)
    SystemInit                               0x08004371   Thumb Code   176  system_stm32h7xx.o(.text.SystemInit)
    UART_AdvFeatureConfig                    0x08004421   Thumb Code   224  stm32h7xx_hal_uart.o(.text.UART_AdvFeatureConfig)
    UART_SetConfig                           0x08004501   Thumb Code  1228  stm32h7xx_hal_uart.o(.text.UART_SetConfig)
    UART_WaitOnFlagUntilTimeout              0x080049d9   Thumb Code   550  stm32h7xx_hal_uart.o(.text.UART_WaitOnFlagUntilTimeout)
    UsageFault_Handler                       0x08004c01   Thumb Code     2  stm32h7xx_it.o(.text.UsageFault_Handler)
    main                                     0x08004c09   Thumb Code   580  main.o(.text.main)
    _btod_d2e                                0x08004e75   Thumb Code    62  btod.o(CL$$btod_d2e)
    _d2e_denorm_low                          0x08004eb3   Thumb Code    70  btod.o(CL$$btod_d2e_denorm_low)
    _d2e_norm_op1                            0x08004ef9   Thumb Code    96  btod.o(CL$$btod_d2e_norm_op1)
    __btod_div_common                        0x08004f59   Thumb Code   696  btod.o(CL$$btod_div_common)
    _e2e                                     0x08005291   Thumb Code   220  btod.o(CL$$btod_e2e)
    _btod_ediv                               0x0800536d   Thumb Code    42  btod.o(CL$$btod_ediv)
    _btod_emul                               0x08005397   Thumb Code    42  btod.o(CL$$btod_emul)
    __btod_mult_common                       0x080053c1   Thumb Code   580  btod.o(CL$$btod_mult_common)
    __ARM_fpclassify                         0x08005605   Thumb Code    48  fpclassify.o(i.__ARM_fpclassify)
    _is_digit                                0x08005635   Thumb Code    14  __printf_wp.o(i._is_digit)
    _get_lc_numeric                          0x08005645   Thumb Code    44  lc_numeric_c.o(locale$$code)
    _fp_init                                 0x08005671   Thumb Code    26  fpinit.o(x$fpl$fpinit)
    __fplib_config_fpu_vfp                   0x08005689   Thumb Code     0  fpinit.o(x$fpl$fpinit)
    __fplib_config_pureend_doubles           0x08005689   Thumb Code     0  fpinit.o(x$fpl$fpinit)
    _printf_fp_dec                           0x0800568b   Thumb Code     4  printf1.o(x$fpl$printf1)
    __I$use$fp                               0x0800568e   Number         0  usenofp.o(x$fpl$usenofp)
    D1CorePrescTable                         0x08005730   Data          16  system_stm32h7xx.o(.rodata.D1CorePrescTable)
    UARTPrescTable                           0x08005740   Data          24  stm32h7xx_hal_uart.o(.rodata.UARTPrescTable)
    Region$$Table$$Base                      0x08005768   Number         0  anon$$obj.o(Region$$Table)
    Region$$Table$$Limit                     0x08005788   Number         0  anon$$obj.o(Region$$Table)
    uwTickFreq                               0x24000000   Data           1  stm32h7xx_hal.o(.data..L_MergedGlobals)
    uwTickPrio                               0x24000004   Data           4  stm32h7xx_hal.o(.data..L_MergedGlobals)
    SystemCoreClock                          0x24000008   Data           4  system_stm32h7xx.o(.data..L_MergedGlobals)
    SystemD2Clock                            0x2400000c   Data           4  system_stm32h7xx.o(.data..L_MergedGlobals)
    __libspace_start                         0x24000010   Data          96  libspace.o(.bss)
    __temporary_stack_top$libspace           0x24000070   Data           0  libspace.o(.bss)
    hadc1                                    0x24000070   Data         112  main.o(.bss.hadc1)
    huart3                                   0x240000e0   Data         144  main.o(.bss.huart3)
    uwTick                                   0x24000170   Data           4  stm32h7xx_hal.o(.bss.uwTick)



==============================================================================

Memory Map of the image

  Image Entry point : 0x080002cd

  Load Region LR_IROM1 (Base: 0x08000000, Size: 0x000057b8, Max: 0x00100000, ABSOLUTE)

    Execution Region ER_IROM1 (Exec base: 0x08000000, Load base: 0x08000000, Size: 0x000057a4, Max: 0x00100000, ABSOLUTE)

    Exec Addr    Load Addr    Size         Type   Attr      Idx    E Section Name        Object

    0x08000000   0x08000000   0x000002cc   Data   RO            3    RESET               startup_stm32h723xx.o
    0x080002cc   0x080002cc   0x00000008   Code   RO         1253  * !!!main             c_w.l(__main.o)
    0x080002d4   0x080002d4   0x00000034   Code   RO         1491    !!!scatter          c_w.l(__scatter.o)
    0x08000308   0x08000308   0x0000001a   Code   RO         1493    !!handler_copy      c_w.l(__scatter_copy.o)
    0x08000322   0x08000322   0x00000002   PAD
    0x08000324   0x08000324   0x0000001c   Code   RO         1495    !!handler_zi        c_w.l(__scatter_zi.o)
    0x08000340   0x08000340   0x00000000   Code   RO         1248    .ARM.Collect$$_printf_percent$$00000000  c_w.l(_printf_percent.o)
    0x08000340   0x08000340   0x00000006   Code   RO         1247    .ARM.Collect$$_printf_percent$$00000003  c_w.l(_printf_f.o)
    0x08000346   0x08000346   0x00000004   Code   RO         1270    .ARM.Collect$$_printf_percent$$00000017  c_w.l(_printf_percent_end.o)
    0x0800034a   0x0800034a   0x00000002   Code   RO         1354    .ARM.Collect$$libinit$$00000000  c_w.l(libinit.o)
    0x0800034c   0x0800034c   0x00000004   Code   RO         1355    .ARM.Collect$$libinit$$00000001  c_w.l(libinit2.o)
    0x08000350   0x08000350   0x00000000   Code   RO         1358    .ARM.Collect$$libinit$$00000004  c_w.l(libinit2.o)
    0x08000350   0x08000350   0x00000000   Code   RO         1360    .ARM.Collect$$libinit$$00000006  c_w.l(libinit2.o)
    0x08000350   0x08000350   0x00000000   Code   RO         1363    .ARM.Collect$$libinit$$0000000C  c_w.l(libinit2.o)
    0x08000350   0x08000350   0x00000000   Code   RO         1365    .ARM.Collect$$libinit$$0000000E  c_w.l(libinit2.o)
    0x08000350   0x08000350   0x00000000   Code   RO         1367    .ARM.Collect$$libinit$$00000010  c_w.l(libinit2.o)
    0x08000350   0x08000350   0x00000006   Code   RO         1368    .ARM.Collect$$libinit$$00000011  c_w.l(libinit2.o)
    0x08000356   0x08000356   0x00000000   Code   RO         1370    .ARM.Collect$$libinit$$00000013  c_w.l(libinit2.o)
    0x08000356   0x08000356   0x00000000   Code   RO         1372    .ARM.Collect$$libinit$$00000015  c_w.l(libinit2.o)
    0x08000356   0x08000356   0x00000000   Code   RO         1374    .ARM.Collect$$libinit$$00000017  c_w.l(libinit2.o)
    0x08000356   0x08000356   0x0000000a   Code   RO         1375    .ARM.Collect$$libinit$$00000018  c_w.l(libinit2.o)
    0x08000360   0x08000360   0x00000000   Code   RO         1376    .ARM.Collect$$libinit$$00000019  c_w.l(libinit2.o)
    0x08000360   0x08000360   0x00000000   Code   RO         1378    .ARM.Collect$$libinit$$0000001B  c_w.l(libinit2.o)
    0x08000360   0x08000360   0x00000000   Code   RO         1380    .ARM.Collect$$libinit$$0000001D  c_w.l(libinit2.o)
    0x08000360   0x08000360   0x00000000   Code   RO         1382    .ARM.Collect$$libinit$$0000001F  c_w.l(libinit2.o)
    0x08000360   0x08000360   0x00000000   Code   RO         1384    .ARM.Collect$$libinit$$00000021  c_w.l(libinit2.o)
    0x08000360   0x08000360   0x00000000   Code   RO         1386    .ARM.Collect$$libinit$$00000023  c_w.l(libinit2.o)
    0x08000360   0x08000360   0x00000000   Code   RO         1388    .ARM.Collect$$libinit$$00000025  c_w.l(libinit2.o)
    0x08000360   0x08000360   0x00000000   Code   RO         1390    .ARM.Collect$$libinit$$00000027  c_w.l(libinit2.o)
    0x08000360   0x08000360   0x00000000   Code   RO         1394    .ARM.Collect$$libinit$$0000002E  c_w.l(libinit2.o)
    0x08000360   0x08000360   0x00000000   Code   RO         1396    .ARM.Collect$$libinit$$00000030  c_w.l(libinit2.o)
    0x08000360   0x08000360   0x00000000   Code   RO         1398    .ARM.Collect$$libinit$$00000032  c_w.l(libinit2.o)
    0x08000360   0x08000360   0x00000000   Code   RO         1400    .ARM.Collect$$libinit$$00000034  c_w.l(libinit2.o)
    0x08000360   0x08000360   0x00000002   Code   RO         1401    .ARM.Collect$$libinit$$00000035  c_w.l(libinit2.o)
    0x08000362   0x08000362   0x00000002   Code   RO         1456    .ARM.Collect$$libshutdown$$00000000  c_w.l(libshutdown.o)
    0x08000364   0x08000364   0x00000000   Code   RO         1474    .ARM.Collect$$libshutdown$$00000002  c_w.l(libshutdown2.o)
    0x08000364   0x08000364   0x00000000   Code   RO         1476    .ARM.Collect$$libshutdown$$00000004  c_w.l(libshutdown2.o)
    0x08000364   0x08000364   0x00000000   Code   RO         1479    .ARM.Collect$$libshutdown$$00000007  c_w.l(libshutdown2.o)
    0x08000364   0x08000364   0x00000000   Code   RO         1482    .ARM.Collect$$libshutdown$$0000000A  c_w.l(libshutdown2.o)
    0x08000364   0x08000364   0x00000000   Code   RO         1484    .ARM.Collect$$libshutdown$$0000000C  c_w.l(libshutdown2.o)
    0x08000364   0x08000364   0x00000000   Code   RO         1487    .ARM.Collect$$libshutdown$$0000000F  c_w.l(libshutdown2.o)
    0x08000364   0x08000364   0x00000002   Code   RO         1488    .ARM.Collect$$libshutdown$$00000010  c_w.l(libshutdown2.o)
    0x08000366   0x08000366   0x00000000   Code   RO         1257    .ARM.Collect$$rtentry$$00000000  c_w.l(__rtentry.o)
    0x08000366   0x08000366   0x00000000   Code   RO         1272    .ARM.Collect$$rtentry$$00000002  c_w.l(__rtentry2.o)
    0x08000366   0x08000366   0x00000006   Code   RO         1284    .ARM.Collect$$rtentry$$00000004  c_w.l(__rtentry4.o)
    0x0800036c   0x0800036c   0x00000000   Code   RO         1274    .ARM.Collect$$rtentry$$00000009  c_w.l(__rtentry2.o)
    0x0800036c   0x0800036c   0x00000004   Code   RO         1275    .ARM.Collect$$rtentry$$0000000A  c_w.l(__rtentry2.o)
    0x08000370   0x08000370   0x00000000   Code   RO         1277    .ARM.Collect$$rtentry$$0000000C  c_w.l(__rtentry2.o)
    0x08000370   0x08000370   0x00000008   Code   RO         1278    .ARM.Collect$$rtentry$$0000000D  c_w.l(__rtentry2.o)
    0x08000378   0x08000378   0x00000002   Code   RO         1402    .ARM.Collect$$rtexit$$00000000  c_w.l(rtexit.o)
    0x0800037a   0x0800037a   0x00000000   Code   RO         1421    .ARM.Collect$$rtexit$$00000002  c_w.l(rtexit2.o)
    0x0800037a   0x0800037a   0x00000004   Code   RO         1422    .ARM.Collect$$rtexit$$00000003  c_w.l(rtexit2.o)
    0x0800037e   0x0800037e   0x00000006   Code   RO         1423    .ARM.Collect$$rtexit$$00000004  c_w.l(rtexit2.o)
    0x08000384   0x08000384   0x00000040   Code   RO            4    .text               startup_stm32h723xx.o
    0x080003c4   0x080003c4   0x000000f0   Code   RO         1219    .text               c_w.l(lludivv7m.o)
    0x080004b4   0x080004b4   0x0000002c   Code   RO         1221    .text               c_w.l(__2sprintf.o)
    0x080004e0   0x080004e0   0x0000010e   Code   RO         1235    .text               c_w.l(__printf_wp.o)
    0x080005ee   0x080005ee   0x0000004e   Code   RO         1249    .text               c_w.l(rt_memclr_w.o)
    0x0800063c   0x0800063c   0x00000006   Code   RO         1251    .text               c_w.l(heapauxi.o)
    0x08000642   0x08000642   0x0000041c   Code   RO         1262    .text               c_w.l(_printf_fp_dec.o)
    0x08000a5e   0x08000a5e   0x00000002   PAD
    0x08000a60   0x08000a60   0x00000030   Code   RO         1266    .text               c_w.l(_printf_char_common.o)
    0x08000a90   0x08000a90   0x0000000a   Code   RO         1268    .text               c_w.l(_sputc.o)
    0x08000a9a   0x08000a9a   0x00000002   PAD
    0x08000a9c   0x08000a9c   0x00000008   Code   RO         1291    .text               c_w.l(rt_locale_intlibspace.o)
    0x08000aa4   0x08000aa4   0x0000008a   Code   RO         1293    .text               c_w.l(lludiv10.o)
    0x08000b2e   0x08000b2e   0x00000002   PAD
    0x08000b30   0x08000b30   0x00000080   Code   RO         1295    .text               c_w.l(_printf_fp_infnan.o)
    0x08000bb0   0x08000bb0   0x000000e4   Code   RO         1299    .text               c_w.l(bigflt0.o)
    0x08000c94   0x08000c94   0x00000008   Code   RO         1334    .text               c_w.l(libspace.o)
    0x08000c9c   0x08000c9c   0x0000004a   Code   RO         1337    .text               c_w.l(sys_stackheap_outer.o)
    0x08000ce6   0x08000ce6   0x00000012   Code   RO         1341    .text               c_w.l(exit.o)
    0x08000cf8   0x08000cf8   0x0000007c   Code   RO         1347    .text               c_w.l(strcmpv7m_pel.o)
    0x08000d74   0x08000d74   0x0000000c   Code   RO         1416    .text               c_w.l(sys_exit.o)
    0x08000d80   0x08000d80   0x00000002   Code   RO         1443    .text               c_w.l(use_no_semi.o)
    0x08000d82   0x08000d82   0x00000000   Code   RO         1445    .text               c_w.l(indicate_semi.o)
    0x08000d82   0x08000d82   0x00000006   PAD
    0x08000d88   0x08000d88   0x00000100   Code   RO           75    .text.ADC_ConfigureBoostMode  stm32h7xx_hal_adc.o
    0x08000e88   0x08000e88   0x000000ba   Code   RO           87    .text.ADC_Enable    stm32h7xx_hal_adc.o
    0x08000f42   0x08000f42   0x00000006   PAD
    0x08000f48   0x08000f48   0x00000002   Code   RO           34    .text.BusFault_Handler  stm32h7xx_it.o
    0x08000f4a   0x08000f4a   0x00000006   PAD
    0x08000f50   0x08000f50   0x00000002   Code   RO           40    .text.DebugMon_Handler  stm32h7xx_it.o
    0x08000f52   0x08000f52   0x00000006   PAD
    0x08000f58   0x08000f58   0x0000000a   Code   RO           15    .text.Error_Handler  main.o
    0x08000f62   0x08000f62   0x00000006   PAD
    0x08000f68   0x08000f68   0x000000b8   Code   RO          187    .text.HAL_ADCEx_MultiModeConfigChannel  stm32h7xx_hal_adc_ex.o
    0x08001020   0x08001020   0x00000538   Code   RO          121    .text.HAL_ADC_ConfigChannel  stm32h7xx_hal_adc.o
    0x08001558   0x08001558   0x00000006   Code   RO          109    .text.HAL_ADC_GetValue  stm32h7xx_hal_adc.o
    0x0800155e   0x0800155e   0x00000002   PAD
    0x08001560   0x08001560   0x00000312   Code   RO           71    .text.HAL_ADC_Init  stm32h7xx_hal_adc.o
    0x08001872   0x08001872   0x00000006   PAD
    0x08001878   0x08001878   0x000000a2   Code   RO           55    .text.HAL_ADC_MspInit  stm32h7xx_hal_msp.o
    0x0800191a   0x0800191a   0x00000006   PAD
    0x08001920   0x08001920   0x00000168   Code   RO           91    .text.HAL_ADC_PollForConversion  stm32h7xx_hal_adc.o
    0x08001a88   0x08001a88   0x000000fe   Code   RO           85    .text.HAL_ADC_Start  stm32h7xx_hal_adc.o
    0x08001b86   0x08001b86   0x00000002   PAD
    0x08001b88   0x08001b88   0x00000028   Code   RO          722    .text.HAL_Delay     stm32h7xx_hal.o
    0x08001bb0   0x08001bb0   0x000001e6   Code   RO          366    .text.HAL_GPIO_Init  stm32h7xx_hal_gpio.o
    0x08001d96   0x08001d96   0x00000002   PAD
    0x08001d98   0x08001d98   0x0000000c   Code   RO          714    .text.HAL_GetTick   stm32h7xx_hal.o
    0x08001da4   0x08001da4   0x00000004   PAD
    0x08001da8   0x08001da8   0x0000001a   Code   RO          712    .text.HAL_IncTick   stm32h7xx_hal.o
    0x08001dc2   0x08001dc2   0x00000006   PAD
    0x08001dc8   0x08001dc8   0x00000064   Code   RO          702    .text.HAL_Init      stm32h7xx_hal.o
    0x08001e2c   0x08001e2c   0x00000004   PAD
    0x08001e30   0x08001e30   0x0000004c   Code   RO          704    .text.HAL_InitTick  stm32h7xx_hal.o
    0x08001e7c   0x08001e7c   0x00000004   PAD
    0x08001e80   0x08001e80   0x00000060   Code   RO          672    .text.HAL_MPU_ConfigRegion  stm32h7xx_hal_cortex.o
    0x08001ee0   0x08001ee0   0x0000001a   Code   RO          668    .text.HAL_MPU_Disable  stm32h7xx_hal_cortex.o
    0x08001efa   0x08001efa   0x00000006   PAD
    0x08001f00   0x08001f00   0x00000020   Code   RO          670    .text.HAL_MPU_Enable  stm32h7xx_hal_cortex.o
    0x08001f20   0x08001f20   0x00000020   Code   RO           53    .text.HAL_MspInit   stm32h7xx_hal_msp.o
    0x08001f40   0x08001f40   0x0000005c   Code   RO          656    .text.HAL_NVIC_SetPriority  stm32h7xx_hal_cortex.o
    0x08001f9c   0x08001f9c   0x00000004   PAD
    0x08001fa0   0x08001fa0   0x00000020   Code   RO          654    .text.HAL_NVIC_SetPriorityGrouping  stm32h7xx_hal_cortex.o
    0x08001fc0   0x08001fc0   0x0000004c   Code   RO          570    .text.HAL_PWREx_ConfigSupply  stm32h7xx_hal_pwr_ex.o
    0x0800200c   0x0800200c   0x00000004   PAD
    0x08002010   0x08002010   0x00000026   Code   RO          257    .text.HAL_RCCEx_GetD3PCLK1Freq  stm32h7xx_hal_rcc_ex.o
    0x08002036   0x08002036   0x00000002   PAD
    0x08002038   0x08002038   0x00000130   Code   RO          251    .text.HAL_RCCEx_GetPLL1ClockFreq  stm32h7xx_hal_rcc_ex.o
    0x08002168   0x08002168   0x0000012c   Code   RO          253    .text.HAL_RCCEx_GetPLL2ClockFreq  stm32h7xx_hal_rcc_ex.o
    0x08002294   0x08002294   0x00000004   PAD
    0x08002298   0x08002298   0x0000012c   Code   RO          255    .text.HAL_RCCEx_GetPLL3ClockFreq  stm32h7xx_hal_rcc_ex.o
    0x080023c4   0x080023c4   0x00000004   PAD
    0x080023c8   0x080023c8   0x00000376   Code   RO          249    .text.HAL_RCCEx_GetPeriphCLKFreq  stm32h7xx_hal_rcc_ex.o
    0x0800273e   0x0800273e   0x00000002   PAD
    0x08002740   0x08002740   0x00000bb2   Code   RO          241    .text.HAL_RCCEx_PeriphCLKConfig  stm32h7xx_hal_rcc_ex.o
    0x080032f2   0x080032f2   0x00000006   PAD
    0x080032f8   0x080032f8   0x00000268   Code   RO          209    .text.HAL_RCC_ClockConfig  stm32h7xx_hal_rcc.o
    0x08003560   0x08003560   0x0000004c   Code   RO          219    .text.HAL_RCC_GetHCLKFreq  stm32h7xx_hal_rcc.o
    0x080035ac   0x080035ac   0x00000004   PAD
    0x080035b0   0x080035b0   0x00000060   Code   RO          221    .text.HAL_RCC_GetPCLK1Freq  stm32h7xx_hal_rcc.o
    0x08003610   0x08003610   0x00000060   Code   RO          223    .text.HAL_RCC_GetPCLK2Freq  stm32h7xx_hal_rcc.o
    0x08003670   0x08003670   0x00000114   Code   RO          211    .text.HAL_RCC_GetSysClockFreq  stm32h7xx_hal_rcc.o
    0x08003784   0x08003784   0x00000004   PAD
    0x08003788   0x08003788   0x000004d0   Code   RO          207    .text.HAL_RCC_OscConfig  stm32h7xx_hal_rcc.o
    0x08003c58   0x08003c58   0x0000002e   Code   RO          666    .text.HAL_SYSTICK_Config  stm32h7xx_hal_cortex.o
    0x08003c86   0x08003c86   0x00000002   PAD
    0x08003c88   0x08003c88   0x00000036   Code   RO         1183    .text.HAL_UARTEx_DisableFifoMode  stm32h7xx_hal_uart_ex.o
    0x08003cbe   0x08003cbe   0x00000002   PAD
    0x08003cc0   0x08003cc0   0x00000090   Code   RO         1187    .text.HAL_UARTEx_SetRxFifoThreshold  stm32h7xx_hal_uart_ex.o
    0x08003d50   0x08003d50   0x00000090   Code   RO         1185    .text.HAL_UARTEx_SetTxFifoThreshold  stm32h7xx_hal_uart_ex.o
    0x08003de0   0x08003de0   0x000000c6   Code   RO         1020    .text.HAL_UART_Init  stm32h7xx_hal_uart.o
    0x08003ea6   0x08003ea6   0x00000002   PAD
    0x08003ea8   0x08003ea8   0x00000084   Code   RO           59    .text.HAL_UART_MspInit  stm32h7xx_hal_msp.o
    0x08003f2c   0x08003f2c   0x00000004   PAD
    0x08003f30   0x08003f30   0x000000da   Code   RO         1040    .text.HAL_UART_Transmit  stm32h7xx_hal_uart.o
    0x0800400a   0x0800400a   0x00000006   PAD
    0x08004010   0x08004010   0x00000002   Code   RO           30    .text.HardFault_Handler  stm32h7xx_it.o
    0x08004012   0x08004012   0x00000006   PAD
    0x08004018   0x08004018   0x00000002   Code   RO           32    .text.MemManage_Handler  stm32h7xx_it.o
    0x0800401a   0x0800401a   0x00000006   PAD
    0x08004020   0x08004020   0x00000002   Code   RO           28    .text.NMI_Handler   stm32h7xx_it.o
    0x08004022   0x08004022   0x00000006   PAD
    0x08004028   0x08004028   0x00000002   Code   RO           42    .text.PendSV_Handler  stm32h7xx_it.o
    0x0800402a   0x0800402a   0x00000006   PAD
    0x08004030   0x08004030   0x00000122   Code   RO          243    .text.RCCEx_PLL2_Config  stm32h7xx_hal_rcc_ex.o
    0x08004152   0x08004152   0x00000006   PAD
    0x08004158   0x08004158   0x00000122   Code   RO          245    .text.RCCEx_PLL3_Config  stm32h7xx_hal_rcc_ex.o
    0x0800427a   0x0800427a   0x00000006   PAD
    0x08004280   0x08004280   0x00000002   Code   RO           38    .text.SVC_Handler   stm32h7xx_it.o
    0x08004282   0x08004282   0x00000006   PAD
    0x08004288   0x08004288   0x00000004   Code   RO           44    .text.SysTick_Handler  stm32h7xx_it.o
    0x0800428c   0x0800428c   0x00000004   PAD
    0x08004290   0x08004290   0x000000e0   Code   RO           13    .text.SystemClock_Config  main.o
    0x08004370   0x08004370   0x000000b0   Code   RO         1204    .text.SystemInit    system_stm32h7xx.o
    0x08004420   0x08004420   0x000000e0   Code   RO         1026    .text.UART_AdvFeatureConfig  stm32h7xx_hal_uart.o
    0x08004500   0x08004500   0x000004d4   Code   RO         1024    .text.UART_SetConfig  stm32h7xx_hal_uart.o
    0x080049d4   0x080049d4   0x00000004   PAD
    0x080049d8   0x080049d8   0x00000226   Code   RO         1042    .text.UART_WaitOnFlagUntilTimeout  stm32h7xx_hal_uart.o
    0x08004bfe   0x08004bfe   0x00000002   PAD
    0x08004c00   0x08004c00   0x00000002   Code   RO           36    .text.UsageFault_Handler  stm32h7xx_it.o
    0x08004c02   0x08004c02   0x00000006   PAD
    0x08004c08   0x08004c08   0x0000026c   Code   RO           11    .text.main          main.o
    0x08004e74   0x08004e74   0x0000003e   Code   RO         1302    CL$$btod_d2e        c_w.l(btod.o)
    0x08004eb2   0x08004eb2   0x00000046   Code   RO         1304    CL$$btod_d2e_denorm_low  c_w.l(btod.o)
    0x08004ef8   0x08004ef8   0x00000060   Code   RO         1303    CL$$btod_d2e_norm_op1  c_w.l(btod.o)
    0x08004f58   0x08004f58   0x00000338   Code   RO         1312    CL$$btod_div_common  c_w.l(btod.o)
    0x08005290   0x08005290   0x000000dc   Code   RO         1309    CL$$btod_e2e        c_w.l(btod.o)
    0x0800536c   0x0800536c   0x0000002a   Code   RO         1306    CL$$btod_ediv       c_w.l(btod.o)
    0x08005396   0x08005396   0x0000002a   Code   RO         1305    CL$$btod_emul       c_w.l(btod.o)
    0x080053c0   0x080053c0   0x00000244   Code   RO         1311    CL$$btod_mult_common  c_w.l(btod.o)
    0x08005604   0x08005604   0x00000030   Code   RO         1332    i.__ARM_fpclassify  m_wv.l(fpclassify.o)
    0x08005634   0x08005634   0x0000000e   Code   RO         1237    i._is_digit         c_w.l(__printf_wp.o)
    0x08005642   0x08005642   0x00000002   PAD
    0x08005644   0x08005644   0x0000002c   Code   RO         1327    locale$$code        c_w.l(lc_numeric_c.o)
    0x08005670   0x08005670   0x0000001a   Code   RO         1414    x$fpl$fpinit        fz_wv.l(fpinit.o)
    0x0800568a   0x0800568a   0x00000004   Code   RO         1255    x$fpl$printf1       fz_wv.l(printf1.o)
    0x0800568e   0x0800568e   0x00000000   Code   RO         1331    x$fpl$usenofp       fz_wv.l(usenofp.o)
    0x0800568e   0x0800568e   0x00000002   PAD
    0x08005690   0x08005690   0x00000094   Data   RO         1300    .constdata          c_w.l(bigflt0.o)
    0x08005724   0x08005724   0x00000006   Data   RO         1155    .rodata..Lswitch.table.UART_SetConfig.7  stm32h7xx_hal_uart.o
    0x0800572a   0x0800572a   0x00000006   Data   RO         1156    .rodata..Lswitch.table.UART_SetConfig.9  stm32h7xx_hal_uart.o
    0x08005730   0x08005730   0x00000010   Data   RO         1208    .rodata.D1CorePrescTable  system_stm32h7xx.o
    0x08005740   0x08005740   0x00000018   Data   RO         1154    .rodata.UARTPrescTable  stm32h7xx_hal_uart.o
    0x08005758   0x08005758   0x00000010   Data   RO         1195    .rodata.cst8        stm32h7xx_hal_uart_ex.o
    0x08005768   0x08005768   0x00000020   Data   RO         1490    Region$$Table       anon$$obj.o
    0x08005788   0x08005788   0x0000001c   Data   RO         1326    locale$$data        c_w.l(lc_numeric_c.o)


    Execution Region RW_IRAM1 (Exec base: 0x20000000, Load base: 0x080057a4, Size: 0x00000000, Max: 0x00020000, ABSOLUTE)

    **** No section assigned to this execution region ****


    Execution Region RW_IRAM2 (Exec base: 0x24000000, Load base: 0x080057a8, Size: 0x00000778, Max: 0x00050000, ABSOLUTE)

    Exec Addr    Load Addr    Size         Type   Attr      Idx    E Section Name        Object

    0x24000000   0x080057a8   0x00000008   Data   RW          811    .data..L_MergedGlobals  stm32h7xx_hal.o
    0x24000008   0x080057b0   0x00000008   Data   RW         1209    .data..L_MergedGlobals  system_stm32h7xx.o
    0x24000010        -       0x00000060   Zero   RW         1335    .bss                c_w.l(libspace.o)
    0x24000070        -       0x00000070   Zero   RW           17    .bss.hadc1          main.o
    0x240000e0        -       0x00000090   Zero   RW           18    .bss.huart3         main.o
    0x24000170        -       0x00000004   Zero   RW          810    .bss.uwTick         stm32h7xx_hal.o
    0x24000174   0x080057b8   0x00000004   PAD
    0x24000178        -       0x00000200   Zero   RW            2    HEAP                startup_stm32h723xx.o
    0x24000378        -       0x00000400   Zero   RW            1    STACK               startup_stm32h723xx.o


==============================================================================

Image component sizes


      Code (inc. data)   RO Data    RW Data    ZI Data      Debug   Object Name

       854         40          0          0        256      10793   main.o
        64         26        716          0       1536        828   startup_stm32h723xx.o
       254          0          0          8          4      15875   stm32h7xx_hal.o
      3184         14          0          0          0      30467   stm32h7xx_hal_adc.o
       184          0          0          0          0      32302   stm32h7xx_hal_adc_ex.o
       324          0          0          0          0      12185   stm32h7xx_hal_cortex.o
       486          0          0          0          0       7091   stm32h7xx_hal_gpio.o
       326          0          0          0          0      10245   stm32h7xx_hal_msp.o
        76          0          0          0          0       9576   stm32h7xx_hal_pwr_ex.o
      2392         16          0          0          0      11319   stm32h7xx_hal_rcc.o
      5402        218          0          0          0      19113   stm32h7xx_hal_rcc_ex.o
      2426        330         36          0          0      42785   stm32h7xx_hal_uart.o
       342          0         16          0          0      11294   stm32h7xx_hal_uart_ex.o
        20          0          0          0          0       1134   stm32h7xx_it.o
       176          0         16          8          0       5303   system_stm32h7xx.o

    ----------------------------------------------------------------------
     16684        660        816         16       1800     220310   Object Totals
         0          0         32          0          0          0   (incl. Generated)
       174         16          0          0          4          0   (incl. Padding)

    ----------------------------------------------------------------------

      Code (inc. data)   RO Data    RW Data    ZI Data      Debug   Library Member Name

        44          6          0          0          0         84   __2sprintf.o
         8          0          0          0          0         68   __main.o
       284          0          0          0          0        156   __printf_wp.o
         0          0          0          0          0          0   __rtentry.o
        12          0          0          0          0          0   __rtentry2.o
         6          0          0          0          0          0   __rtentry4.o
        52          8          0          0          0          0   __scatter.o
        26          0          0          0          0          0   __scatter_copy.o
        28          0          0          0          0          0   __scatter_zi.o
        48          6          0          0          0         96   _printf_char_common.o
         6          0          0          0          0          0   _printf_f.o
      1052          0          0          0          0        148   _printf_fp_dec.o
       128         16          0          0          0         84   _printf_fp_infnan.o
         0          0          0          0          0          0   _printf_percent.o
         4          0          0          0          0          0   _printf_percent_end.o
        10          0          0          0          0         68   _sputc.o
       228          4        148          0          0         96   bigflt0.o
      1936        128          0          0          0        668   btod.o
        18          0          0          0          0         80   exit.o
         6          0          0          0          0        152   heapauxi.o
         0          0          0          0          0          0   indicate_semi.o
        44         10         28          0          0         76   lc_numeric_c.o
         2          0          0          0          0          0   libinit.o
        22          0          0          0          0          0   libinit2.o
         2          0          0          0          0          0   libshutdown.o
         2          0          0          0          0          0   libshutdown2.o
         8          4          0          0         96         68   libspace.o
       138          0          0          0          0         80   lludiv10.o
       240          0          0          0          0        100   lludivv7m.o
         8          4          0          0          0         68   rt_locale_intlibspace.o
        78          0          0          0          0         80   rt_memclr_w.o
         2          0          0          0          0          0   rtexit.o
        10          0          0          0          0          0   rtexit2.o
       124          0          0          0          0         88   strcmpv7m_pel.o
        12          4          0          0          0         68   sys_exit.o
        74          0          0          0          0         80   sys_stackheap_outer.o
         2          0          0          0          0         68   use_no_semi.o
        26          0          0          0          0        116   fpinit.o
         4          0          0          0          0        116   printf1.o
         0          0          0          0          0          0   usenofp.o
        48          0          0          0          0        124   fpclassify.o

    ----------------------------------------------------------------------
      4760        190        176          0         96       2832   Library Totals
        18          0          0          0          0          0   (incl. Padding)

    ----------------------------------------------------------------------

      Code (inc. data)   RO Data    RW Data    ZI Data      Debug   Library Name

      4664        190        176          0         96       2476   c_w.l
        30          0          0          0          0        232   fz_wv.l
        48          0          0          0          0        124   m_wv.l

    ----------------------------------------------------------------------
      4760        190        176          0         96       2832   Library Totals

    ----------------------------------------------------------------------

==============================================================================


      Code (inc. data)   RO Data    RW Data    ZI Data      Debug   

     21444        850        992         16       1896     221482   Grand Totals
     21444        850        992         16       1896     221482   ELF Image Totals
     21444        850        992         16          0          0   ROM Totals

==============================================================================

    Total RO  Size (Code + RO Data)                22436 (  21.91kB)
    Total RW  Size (RW Data + ZI Data)              1912 (   1.87kB)
    Total ROM Size (Code + RO Data + RW Data)      22452 (  21.93kB)

==============================================================================

